###############################################################################
#
# IAR ELF Linker V3.10.1.201 for STM8                     17/Jan/2020  17:34:42
# Copyright 2010-2017 IAR Systems AB.
#
#    Output file  =  
#        E:\WORK_DIR\PROJECT\PROGRAM\LORA TEST\IAR\Debug\Exe\Test_pro.out
#    Map file     =  
#        E:\WORK_DIR\PROJECT\PROGRAM\LORA TEST\IAR\Debug\List\Test_pro.map
#    Command line =  
#        -f C:\Users\YANGCA~1\AppData\Local\Temp\EWD740.tmp
#        ("E:\WORK_DIR\PROJECT\PROGRAM\LORA TEST\IAR\Debug\Obj\ADS1115.o"
#        "E:\WORK_DIR\PROJECT\PROGRAM\LORA TEST\IAR\Debug\Obj\Clk.o"
#        "E:\WORK_DIR\PROJECT\PROGRAM\LORA TEST\IAR\Debug\Obj\Delay.o"
#        "E:\WORK_DIR\PROJECT\PROGRAM\LORA TEST\IAR\Debug\Obj\led.o"
#        "E:\WORK_DIR\PROJECT\PROGRAM\LORA TEST\IAR\Debug\Obj\Lora.o"
#        "E:\WORK_DIR\PROJECT\PROGRAM\LORA TEST\IAR\Debug\Obj\LoraSpiGpio.o"
#        "E:\WORK_DIR\PROJECT\PROGRAM\LORA TEST\IAR\Debug\Obj\main.o"
#        "E:\WORK_DIR\PROJECT\PROGRAM\LORA TEST\IAR\Debug\Obj\RS485.o"
#        "E:\WORK_DIR\PROJECT\PROGRAM\LORA TEST\IAR\Debug\Obj\stm8l15x_clk.o"
#        "E:\WORK_DIR\PROJECT\PROGRAM\LORA TEST\IAR\Debug\Obj\stm8l15x_exti.o"
#        "E:\WORK_DIR\PROJECT\PROGRAM\LORA TEST\IAR\Debug\Obj\stm8l15x_gpio.o"
#        "E:\WORK_DIR\PROJECT\PROGRAM\LORA TEST\IAR\Debug\Obj\stm8l15x_it.o"
#        "E:\WORK_DIR\PROJECT\PROGRAM\LORA TEST\IAR\Debug\Obj\stm8l15x_spi.o"
#        "E:\WORK_DIR\PROJECT\PROGRAM\LORA TEST\IAR\Debug\Obj\stm8l15x_usart.o"
#        "E:\WORK_DIR\PROJECT\PROGRAM\LORA TEST\IAR\Debug\Obj\SysInitApp.o"
#        "E:\WORK_DIR\PROJECT\PROGRAM\LORA TEST\IAR\Debug\Obj\usart.o"
#        --redirect _Printf=_PrintfLarge --redirect _Scanf=_ScanfSmall -o
#        "E:\WORK_DIR\PROJECT\PROGRAM\LORA TEST\IAR\Debug\Exe\Test_pro.out"
#        --map "E:\WORK_DIR\PROJECT\PROGRAM\LORA
#        TEST\IAR\Debug\List\Test_pro.map" --config "D:\Software\IAR
#        Systems\stm8\config\lnkstm8l052r8.icf" --config_def _CSTACK_SIZE=0x100
#        --config_def _HEAP_SIZE=0x100 --entry __iar_program_start --debug_lib)
#
###############################################################################

*******************************************************************************
*** RUNTIME MODEL ATTRIBUTES
***

__Heap_Handler             = Basic
__SystemLibrary            = DLib
__code_model               = small
__core                     = stm8
__data_model               = medium
__dlib_file_descriptor     = 1
__dlib_full_locale_support = 1
__rt_version               = 4


*******************************************************************************
*** PLACEMENT SUMMARY
***

"A0":  place at start of [0x000000-0x0000ff] { rw section .vregs };
"A1":  place at end of [0x000000-0x000fff] { block CSTACK };
"P2":  place in [from 0x000000 to 0x000fff] {
          block HEAP, rw section __DLIB_PERTHREAD, rw section .far.bss,
          rw section .far.data, rw section .far.noinit,
          rw section .far_func.textrw, rw section .huge.bss,
          rw section .huge.data, rw section .huge.noinit,
          rw section .huge_func.textrw, rw section .iar.dynexit,
          rw section .near.bss, rw section .near.data, rw section .near.noinit,
          rw section .near_func.textrw };
"A2":  place at start of [0x008000-0x00ffff] { block INTVEC };
"P3":  place in [from 0x008000 to 0x00ffff] {
          ro section __DLIB_PERTHREAD_init, ro section .far.data_init,
          ro section .far_func.textrw_init, ro section .huge.data_init,
          ro section .huge_func.textrw_init, ro section .iar.init_table,
          ro section .init_array, ro section .near.data_init,
          ro section .near.rodata, ro section .near_func.text,
          ro section .near_func.textrw_init, ro section .tiny.data_init,
          ro section .tiny.rodata_init };
do not initialize {
   rw section .eeprom.noinit, rw section .far.noinit, rw section .huge.noinit,
   rw section .near.noinit, rw section .tiny.noinit, rw section .vregs };
initialize by copy {
   rw section .far.bss, rw section .far.data, rw section .far_func.textrw,
   rw section .huge.bss, rw section .huge.data, rw section .huge_func.textrw,
   rw section .iar.dynexit, rw section .near.bss, rw section .near.data,
   rw section .near_func.textrw, rw section .tiny.bss, rw section .tiny.data,
   ro section .tiny.rodata };

  Section            Kind      Address    Size  Object
  -------            ----      -------    ----  ------
"A0":                                     0x10
  .vregs             uninit   0x000000    0x10  vregs.o [4]
                            - 0x000010    0x10

"P2":                                      0x8
  P2-1                        0x000010     0x8  <Init block>
    .near.data       inited   0x000010     0x1  Lora.o [1]
    .near.data       inited   0x000011     0x1  Lora.o [1]
    .near.data       inited   0x000012     0x1  Lora.o [1]
    .near.data       inited   0x000013     0x1  Lora.o [1]
    .near.bss        inited   0x000014     0x1  Lora.o [1]
    .near.bss        inited   0x000015     0x1  Lora.o [1]
    .near.bss        inited   0x000016     0x1  Lora.o [1]
    .near.bss        inited   0x000017     0x1  LoraSpiGpio.o [1]
                            - 0x000018     0x8

"A1":                                    0x100
  CSTACK                      0x000f00   0x100  <Block>
    CSTACK           uninit   0x000f00   0x100  <Block tail>
                            - 0x001000   0x100

"A2":                                     0x80
  INTVEC                      0x008000    0x80  <Block>
    .intvec          const    0x008000    0x80  interrupt.o [4]
                            - 0x008080    0x80

"P3":                                   0x111b
  .near_func.text    ro code  0x008080   0x444  Lora.o [1]
  .near_func.text    ro code  0x0084c4   0x10d  stm8l15x_exti.o [1]
  .near_func.text    ro code  0x0085d1   0x10a  main.o [1]
  .near_func.text    ro code  0x0086db    0xd1  vreg_util.o [4]
  .near_func.text    ro code  0x0087ac    0xca  stm8l15x_usart.o [1]
  .near.rodata       const    0x008876    0xa8  Lora.o [1]
  .near_func.text    ro code  0x00891e    0x98  LoraSpiGpio.o [1]
  .near_func.text    ro code  0x0089b6    0x94  stm8l15x_usart.o [1]
  .near_func.text    ro code  0x008a4a    0x8e  stm8l15x_gpio.o [1]
  .near_func.text    ro code  0x008ad8    0x89  stm8l15x_clk.o [1]
  .near_func.text    ro code  0x008b61    0x86  long.o [4]
  .near_func.text    ro code  0x008be7    0x72  stm8l15x_clk.o [1]
  .near_func.text    ro code  0x008c59    0x54  usart.o [1]
  .near_func.text    ro code  0x008cad    0x50  led.o [1]
  .near_func.text    ro code  0x008cfd    0x50  led.o [1]
  .near_func.text    ro code  0x008d4d    0x41  stm8l15x_clk.o [1]
  .near_func.text    ro code  0x008d8e    0x3e  Lora.o [1]
  .near_func.text    ro code  0x008dcc    0x3d  Lora.o [1]
  .near_func.text    ro code  0x008e09    0x31  led.o [1]
  .near_func.text    ro code  0x008e3a    0x30  led.o [1]
  .near_func.text    ro code  0x008e6a    0x30  short.o [4]
  .near_func.text    ro code  0x008e9a    0x2f  stm8l15x_it.o [1]
  .near_func.text    ro code  0x008ec9    0x28  init_small.o [4]
  .near_func.text    ro code  0x008ef1    0x27  stm8l15x_usart.o [1]
  .near_func.text    ro code  0x008f18    0x27  stm8l15x_usart.o [1]
  .near_func.text    ro code  0x008f3f    0x21  stm8l15x_exti.o [1]
  .iar.init_table    const    0x008f60     0xa  - Linker created -
  .near_func.text    ro code  0x008f6a    0x1f  Delay.o [1]
  .near_func.text    ro code  0x008f89    0x1f  RS485.o [1]
  .near_func.text    ro code  0x008fa8    0x1d  stm8l15x_it.o [1]
  .near_func.text    ro code  0x008fc5    0x1c  long_util.o [4]
  .near_func.text    ro code  0x008fe1    0x1b  LoraSpiGpio.o [1]
  .near_func.text    ro code  0x008ffc    0x19  Clk.o [1]
  .near_func.text    ro code  0x009015    0x14  Lora.o [1]
  .near_func.text    ro code  0x009029    0x14  init.o [4]
  .near_func.text    ro code  0x00903d    0x14  __dbg_xxexit.o [3]
  .near_func.text    ro code  0x009051    0x13  cstartup.o [4]
  .near_func.text    ro code  0x009064    0x12  stm8l15x_gpio.o [1]
  .near_func.text    ro code  0x009076     0xd  stm8l15x_clk.o [1]
  .near_func.text    ro code  0x009083     0xd  move.o [4]
  .near_func.text    ro code  0x009090     0xc  LoraSpiGpio.o [1]
  .near_func.text    ro code  0x00909c     0xc  LoraSpiGpio.o [1]
  .near_func.text    ro code  0x0090a8     0xc  LoraSpiGpio.o [1]
  .near_func.text    ro code  0x0090b4     0xc  LoraSpiGpio.o [1]
  .near_func.text    ro code  0x0090c0     0xc  LoraSpiGpio.o [1]
  .near_func.text    ro code  0x0090cc     0xc  LoraSpiGpio.o [1]
  .near.rodata       const    0x0090d8     0xa  Lora.o [1]
  .near_func.text    ro code  0x0090e2     0xa  LoraSpiGpio.o [1]
  .near_func.text    ro code  0x0090ec     0xa  LoraSpiGpio.o [1]
  .near_func.text    ro code  0x0090f6     0xa  LoraSpiGpio.o [1]
  .near_func.text    ro code  0x009100     0xa  LoraSpiGpio.o [1]
  .near_func.text    ro code  0x00910a     0xa  LoraSpiGpio.o [1]
  .near_func.text    ro code  0x009114     0xa  LoraSpiGpio.o [1]
  .near.rodata       const    0x00911e     0x8  Lora.o [1]
  Initializer bytes  const    0x009126     0x8  <for P2-1>
  .near.rodata       const    0x00912e     0x7  Lora.o [1]
  .near_func.text    ro code  0x009135     0x7  stm8l15x_gpio.o [1]
  .near_func.text    ro code  0x00913c     0x7  stm8l15x_gpio.o [1]
  .near.rodata       const    0x009143     0x5  main.o [1]
  .near.rodata       const    0x009148     0x5  main.o [1]
  .near.rodata       const    0x00914d     0x5  main.o [1]
  .near.rodata       const    0x009152     0x5  stm8l15x_clk.o [1]
  .near_func.text    ro code  0x009157     0x5  stm8l15x_usart.o [1]
  .near_func.text    ro code  0x00915c     0x5  cexit.o [4]
  .near_func.text    ro code  0x009161     0x4  stm8l15x_clk.o [1]
  .near_func.text    ro code  0x009165     0x4  stm8l15x_clk.o [1]
  .near_func.text    ro code  0x009169     0x4  stm8l15x_clk.o [1]
  .near_func.text    ro code  0x00916d     0x4  stm8l15x_gpio.o [1]
  .near_func.text    ro code  0x009171     0x3  interrupt.o [4]
  .near_func.text    ro code  0x009174     0x3  low_level_init.o [4]
  .near_func.text    ro code  0x009177     0x3  exit.o [4]
  .near_func.text    ro code  0x00917a     0x3  unhandled_exception.o [4]
  .near_func.text    ro code  0x00917d     0x1  LoraSpiGpio.o [1]
  .near_func.text    ro code  0x00917e     0x1  stm8l15x_it.o [1]
  .near_func.text    ro code  0x00917f     0x1  stm8l15x_it.o [1]
  .near_func.text    ro code  0x009180     0x1  stm8l15x_it.o [1]
  .near_func.text    ro code  0x009181     0x1  stm8l15x_it.o [1]
  .near_func.text    ro code  0x009182     0x1  stm8l15x_it.o [1]
  .near_func.text    ro code  0x009183     0x1  stm8l15x_it.o [1]
  .near_func.text    ro code  0x009184     0x1  stm8l15x_it.o [1]
  .near_func.text    ro code  0x009185     0x1  stm8l15x_it.o [1]
  .near_func.text    ro code  0x009186     0x1  stm8l15x_it.o [1]
  .near_func.text    ro code  0x009187     0x1  stm8l15x_it.o [1]
  .near_func.text    ro code  0x009188     0x1  stm8l15x_it.o [1]
  .near_func.text    ro code  0x009189     0x1  stm8l15x_it.o [1]
  .near_func.text    ro code  0x00918a     0x1  stm8l15x_it.o [1]
  .near_func.text    ro code  0x00918b     0x1  stm8l15x_it.o [1]
  .near_func.text    ro code  0x00918c     0x1  stm8l15x_it.o [1]
  .near_func.text    ro code  0x00918d     0x1  stm8l15x_it.o [1]
  .near_func.text    ro code  0x00918e     0x1  stm8l15x_it.o [1]
  .near_func.text    ro code  0x00918f     0x1  stm8l15x_it.o [1]
  .near_func.text    ro code  0x009190     0x1  stm8l15x_it.o [1]
  .near_func.text    ro code  0x009191     0x1  stm8l15x_it.o [1]
  .near_func.text    ro code  0x009192     0x1  stm8l15x_it.o [1]
  .near_func.text    ro code  0x009193     0x1  stm8l15x_it.o [1]
  .near_func.text    ro code  0x009194     0x1  stm8l15x_it.o [1]
  .near_func.text    ro code  0x009195     0x1  stm8l15x_it.o [1]
  .near_func.text    ro code  0x009196     0x1  stm8l15x_it.o [1]
  .near_func.text    ro code  0x009197     0x1  stm8l15x_it.o [1]
  .near_func.text    ro code  0x009198     0x1  stm8l15x_it.o [1]
  .near_func.text    ro code  0x009199     0x1  stm8l15x_it.o [1]
  .near_func.text    ro code  0x00919a     0x1  __dbg_break.o [3]
                            - 0x00919b  0x111b


*******************************************************************************
*** INIT TABLE
***

          Address   Size
          -------   ----
Copy (__iar_copy_init2)
    1 source range, total size 0x8:
          0x009126   0x8
    1 destination range, total size 0x8:
          0x000010   0x8



*******************************************************************************
*** MODULE SUMMARY
***

    Module                 ro code  ro data  rw data
    ------                 -------  -------  -------
E:\WORK_DIR\PROJECT\PROGRAM\LORA TEST\IAR\Debug\Obj: [1]
    Clk.o                       25
    Delay.o                     31
    Lora.o                   1 235      200        7
    LoraSpiGpio.o              312        1        1
    RS485.o                     31
    led.o                      257
    main.o                     266       15
    stm8l15x_clk.o             341        5
    stm8l15x_exti.o            302
    stm8l15x_gpio.o            178
    stm8l15x_it.o              104
    stm8l15x_usart.o           433
    usart.o                     84
    ------------------------------------------------
    Total:                   3 599      221        8

command line: [2]
    ------------------------------------------------
    Total:

dbgstm8smd.a: [3]
    __dbg_break.o                1
    __dbg_xxexit.o              20
    ------------------------------------------------
    Total:                      21

dlstm8smf.a: [4]
    cexit.o                      5
    cstartup.o                  19
    exit.o                       3
    init.o                      20
    init_small.o                40
    interrupt.o                  3      128
    long.o                     134
    long_util.o                 28
    low_level_init.o             3
    move.o                      13
    short.o                     48
    unhandled_exception.o        3
    vreg_util.o                209
    vregs.o                                       16
    ------------------------------------------------
    Total:                     528      128       16

    Linker created                       10      256
----------------------------------------------------
    Grand Total:             4 148      359      280


*******************************************************************************
*** ENTRY LIST
***

Entry                    Address   Size  Type      Object
-----                    -------   ----  ----      ------
.iar.init_table$$Base   0x008f60          --   Gb  - Linker created -
.iar.init_table$$Limit  0x008f6a          --   Gb  - Linker created -
?b0                     0x000000         Data  Gb  vregs.o [4]
?b1                     0x000001         Data  Gb  vregs.o [4]
?b10                    0x00000a         Data  Gb  vregs.o [4]
?b11                    0x00000b         Data  Gb  vregs.o [4]
?b12                    0x00000c         Data  Gb  vregs.o [4]
?b13                    0x00000d         Data  Gb  vregs.o [4]
?b14                    0x00000e         Data  Gb  vregs.o [4]
?b15                    0x00000f         Data  Gb  vregs.o [4]
?b2                     0x000002         Data  Gb  vregs.o [4]
?b3                     0x000003         Data  Gb  vregs.o [4]
?b4                     0x000004         Data  Gb  vregs.o [4]
?b5                     0x000005         Data  Gb  vregs.o [4]
?b6                     0x000006         Data  Gb  vregs.o [4]
?b7                     0x000007         Data  Gb  vregs.o [4]
?b8                     0x000008         Data  Gb  vregs.o [4]
?b9                     0x000009         Data  Gb  vregs.o [4]
?dec32_0x_0x            0x008b66         Code  Gb  long.o [4]
?dec32_l2_l2            0x008b61         Code  Gb  long.o [4]
?e0                     0x000001         Data  Gb  vregs.o [4]
?e1                     0x000005         Data  Gb  vregs.o [4]
?e2                     0x000009         Data  Gb  vregs.o [4]
?e3                     0x00000d         Data  Gb  vregs.o [4]
?epilogue_l2            0x008776         Code  Gb  vreg_util.o [4]
?epilogue_l2_l3         0x008773         Code  Gb  vreg_util.o [4]
?epilogue_l2_w6         0x00877a         Code  Gb  vreg_util.o [4]
?epilogue_w4            0x008781         Code  Gb  vreg_util.o [4]
?l0                     0x000000         Data  Gb  vregs.o [4]
?l1                     0x000004         Data  Gb  vregs.o [4]
?l2                     0x000008         Data  Gb  vregs.o [4]
?l3                     0x00000c         Data  Gb  vregs.o [4]
?load32_l1_0x           0x008fd5         Code  Gb  long_util.o [4]
?load32_l1_asp          0x008fca         Code  Gb  long_util.o [4]
?load32_l1_dbsp         0x008fc5         Code  Gb  long_util.o [4]
?load32_l1_xsp          0x008fcc         Code  Gb  long_util.o [4]
?mov_e0_e2              0x008788         Code  Gb  vreg_util.o [4]
?mov_e2_e0              0x008795         Code  Gb  vreg_util.o [4]
?mov_e3_e0              0x0087a2         Code  Gb  vreg_util.o [4]
?mov_l0_l2              0x008785         Code  Gb  vreg_util.o [4]
?mov_l2_l0              0x008792         Code  Gb  vreg_util.o [4]
?mov_l3_l0              0x00879f         Code  Gb  vreg_util.o [4]
?mov_w1_w5              0x00878b         Code  Gb  vreg_util.o [4]
?mov_w5_w1              0x008798         Code  Gb  vreg_util.o [4]
?mov_w7_w1              0x0087a5         Code  Gb  vreg_util.o [4]
?move1616_v_x_y_a       0x009083         Code  Gb  move.o [4]
?mul16_x_x_w0           0x008e6a         Code  Gb  short.o [4]
?pop_l0                 0x00873f         Code  Gb  vreg_util.o [4]
?pop_l1                 0x00874a         Code  Gb  vreg_util.o [4]
?pop_l2                 0x008755         Code  Gb  vreg_util.o [4]
?pop_l3                 0x008760         Code  Gb  vreg_util.o [4]
?pop_w4                 0x0086f8         Code  Gb  vreg_util.o [4]
?pop_w6                 0x0086ff         Code  Gb  vreg_util.o [4]
?push_l0                0x00870e         Code  Gb  vreg_util.o [4]
?push_l1                0x008713         Code  Gb  vreg_util.o [4]
?push_l2                0x008718         Code  Gb  vreg_util.o [4]
?push_l3                0x00871d         Code  Gb  vreg_util.o [4]
?push_w4                0x0086db         Code  Gb  vreg_util.o [4]
?push_w6                0x0086e0         Code  Gb  vreg_util.o [4]
?sll16_x_x_4            0x008e90         Code  Gb  short.o [4]
?sll16_x_x_a            0x008e88         Code  Gb  short.o [4]
?srl16_x_x_4            0x008e95         Code  Gb  short.o [4]
?udiv32_l0_l0_l1        0x008b7a         Code  Gb  long.o [4]
?umod32_l1_l0_l1        0x008b7a         Code  Gb  long.o [4]
?w0                     0x000000         Data  Gb  vregs.o [4]
?w1                     0x000002         Data  Gb  vregs.o [4]
?w2                     0x000004         Data  Gb  vregs.o [4]
?w3                     0x000006         Data  Gb  vregs.o [4]
?w4                     0x000008         Data  Gb  vregs.o [4]
?w5                     0x00000a         Data  Gb  vregs.o [4]
?w6                     0x00000c         Data  Gb  vregs.o [4]
?w7                     0x00000e         Data  Gb  vregs.o [4]
ADC1_COMP_IRQHandler    0x00918f    0x1  Code  Gb  stm8l15x_it.o [1]
CLK_DeInit              0x008d4d   0x41  Code  Gb  stm8l15x_clk.o [1]
CLK_GetClockFreq        0x008be7   0x72  Code  Gb  stm8l15x_clk.o [1]
CLK_GetSYSCLKSource     0x009165    0x4  Code  Gb  stm8l15x_clk.o [1]
CLK_PeripheralClockConfig
                        0x008ad8   0x89  Code  Gb  stm8l15x_clk.o [1]
CLK_SYSCLKDivConfig     0x009169    0x4  Code  Gb  stm8l15x_clk.o [1]
CLK_SYSCLKSourceConfig  0x009161    0x4  Code  Gb  stm8l15x_clk.o [1]
CLK_SYSCLKSourceSwitchCmd
                        0x009076    0xd  Code  Gb  stm8l15x_clk.o [1]
CSTACK$$Base            0x000f00          --   Gb  - Linker created -
CSTACK$$Limit           0x001000          --   Gb  - Linker created -
DMA1_CHANNEL0_1_IRQHandler
                        0x009180    0x1  Code  Gb  stm8l15x_it.o [1]
DMA1_CHANNEL2_3_IRQHandler
                        0x009181    0x1  Code  Gb  stm8l15x_it.o [1]
Delay_ms                0x008f6a   0x1f  Code  Gb  Delay.o [1]
EXTI0_IRQHandler        0x008e9a   0x2f  Code  Gb  stm8l15x_it.o [1]
EXTI1_IRQHandler        0x009186    0x1  Code  Gb  stm8l15x_it.o [1]
EXTI2_IRQHandler        0x009187    0x1  Code  Gb  stm8l15x_it.o [1]
EXTI3_IRQHandler        0x009188    0x1  Code  Gb  stm8l15x_it.o [1]
EXTI4_IRQHandler        0x009189    0x1  Code  Gb  stm8l15x_it.o [1]
EXTI5_IRQHandler        0x00918a    0x1  Code  Gb  stm8l15x_it.o [1]
EXTI6_IRQHandler        0x00918b    0x1  Code  Gb  stm8l15x_it.o [1]
EXTI7_IRQHandler        0x00918c    0x1  Code  Gb  stm8l15x_it.o [1]
EXTIB_G_IRQHandler      0x009184    0x1  Code  Gb  stm8l15x_it.o [1]
EXTID_H_IRQHandler      0x009185    0x1  Code  Gb  stm8l15x_it.o [1]
EXTIE_F_PVD_IRQHandler  0x009183    0x1  Code  Gb  stm8l15x_it.o [1]
EXTI_ClearITPendingBit  0x008f3f   0x21  Code  Gb  stm8l15x_exti.o [1]
EXTI_SetPinSensitivity  0x0084c4  0x10d  Code  Gb  stm8l15x_exti.o [1]
FLASH_IRQHandler        0x00917f    0x1  Code  Gb  stm8l15x_it.o [1]
GPIO_Init               0x008a4a   0x8e  Code  Gb  stm8l15x_gpio.o [1]
GPIO_ReadInputDataBit   0x00913c    0x7  Code  Gb  stm8l15x_gpio.o [1]
GPIO_ResetBits          0x00916d    0x4  Code  Gb  stm8l15x_gpio.o [1]
GPIO_SetBits            0x009135    0x7  Code  Gb  stm8l15x_gpio.o [1]
GPIO_WriteBit           0x009064   0x12  Code  Gb  stm8l15x_gpio.o [1]
GetRF1278_State         0x00825d    0xe  Code  Gb  Lora.o [1]
I2C1_SPI2_IRQHandler    0x009199    0x1  Code  Gb  stm8l15x_it.o [1]
INTVEC$$Base            0x008000          --   Gb  - Linker created -
INTVEC$$Limit           0x008080          --   Gb  - Linker created -
LCD_AES_IRQHandler      0x00918d    0x1  Code  Gb  stm8l15x_it.o [1]
LEDFlicker              0x008e09   0x31  Code  Gb  led.o [1]
LED_Init                0x008e3a   0x30  Code  Gb  led.o [1]
LED_Off                 0x008cfd   0x50  Code  Gb  led.o [1]
LED_Run                 0x008cad   0x50  Code  Gb  led.o [1]
LoraBw                  0x000010    0x1  Data  Lc  Lora.o [1]
LoraCR                  0x000012    0x1  Data  Lc  Lora.o [1]
LoraCRC                 0x000013    0x1  Data  Lc  Lora.o [1]
LoraFreq                0x000015    0x1  Data  Lc  Lora.o [1]
LoraPower               0x000014    0x1  Data  Lc  Lora.o [1]
LoraSF                  0x000011    0x1  Data  Gb  Lora.o [1]
Lora_Gpio_Init          0x00891e   0x98  Code  Gb  LoraSpiGpio.o [1]
RF1278_ClearIrq         0x00824c    0x6  Code  Gb  Lora.o [1]
RF1278_EntryLoRa        0x00814e    0x6  Code  Gb  Lora.o [1]
RF1278_FreqSet          0x008154   0xd8  Code  Gb  Lora.o [1]
RF1278_Init             0x008282  0x142  Code  Gb  Lora.o [1]
RF1278_RecePacket       0x0084be    0x6  Code  Gb  Lora.o [1]
RF1278_SendPacket       0x00841c   0xa2  Code  Gb  Lora.o [1]
RF1278_Sleep            0x00823b   0x11  Code  Gb  Lora.o [1]
RF1278_Standby          0x008252    0xb  Code  Gb  Lora.o [1]
RF1278_State            0x000016    0x1  Data  Lc  Lora.o [1]
RF1278_TxRxEN           0x00822c    0xf  Code  Gb  Lora.o [1]
RFM96FreqTbl            0x008876   0xa8  Data  Gb  Lora.o [1]
RFM96LoRaBwTbl          0x0090d8    0xa  Data  Gb  Lora.o [1]
RFM96PowerTbl           0x00911e    0x8  Data  Gb  Lora.o [1]
RFM96SpreadFactorTbl    0x00912e    0x7  Data  Gb  Lora.o [1]
RF_RST_H                0x0090cc    0xc  Code  Gb  LoraSpiGpio.o [1]
RF_RST_L                0x009114    0xa  Code  Gb  LoraSpiGpio.o [1]
RF_RX_EN_H              0x0090c0    0xc  Code  Gb  LoraSpiGpio.o [1]
RF_RX_EN_L              0x00910a    0xa  Code  Gb  LoraSpiGpio.o [1]
RF_TX_EN_H              0x0090b4    0xc  Code  Gb  LoraSpiGpio.o [1]
RF_TX_EN_L              0x009100    0xa  Code  Gb  LoraSpiGpio.o [1]
RS485Init               0x008f89   0x1f  Code  Gb  RS485.o [1]
RTC_CSSLSE_IRQHandler   0x009182    0x1  Code  Gb  stm8l15x_it.o [1]
RXFlag                  0x000017    0x1  Data  Gb  LoraSpiGpio.o [1]
Region$$Table$$Base     0x008f60          --   Gb  - Linker created -
Region$$Table$$Limit    0x008f6a          --   Gb  - Linker created -
Rf1278_ModeSet          0x0083c4   0x58  Code  Gb  Lora.o [1]
SPI1_IRQHandler         0x009196    0x1  Code  Gb  stm8l15x_it.o [1]
SPIRead                 0x009015   0x14  Code  Gb  Lora.o [1]
SPIRead8bit             0x008dcc   0x3d  Code  Gb  Lora.o [1]
SPIReadString           0x0080d5   0x3e  Code  Gb  Lora.o [1]
SPIWrite                0x008080   0x55  Code  Gb  Lora.o [1]
SPIWrite8bit            0x008d8e   0x3e  Code  Gb  Lora.o [1]
SPIWriteString          0x008113   0x3b  Code  Gb  Lora.o [1]
SPI_CLK_H               0x00909c    0xc  Code  Gb  LoraSpiGpio.o [1]
SPI_CLK_L               0x0090ec    0xa  Code  Gb  LoraSpiGpio.o [1]
SPI_CS_H                0x009090    0xc  Code  Gb  LoraSpiGpio.o [1]
SPI_CS_L                0x0090e2    0xa  Code  Gb  LoraSpiGpio.o [1]
SPI_MISO                0x008fe1   0x1b  Code  Gb  LoraSpiGpio.o [1]
SPI_MOSI_H              0x0090a8    0xc  Code  Gb  LoraSpiGpio.o [1]
SPI_MOSI_L              0x0090f6    0xa  Code  Gb  LoraSpiGpio.o [1]
SWITCH_CSS_BREAK_DAC_IRQHandler
                        0x00918e    0x1  Code  Gb  stm8l15x_it.o [1]
SYSDivFactor            0x009152    0x5  Data  Gb  stm8l15x_clk.o [1]
SysClockInit            0x008ffc   0x19  Code  Gb  Clk.o [1]
TIM1_CC_IRQHandler      0x009194    0x1  Code  Gb  stm8l15x_it.o [1]
TIM1_UPD_OVF_TRG_COM_IRQHandler
                        0x009193    0x1  Code  Gb  stm8l15x_it.o [1]
TIM2_CC_USART2_RX_IRQHandler
                        0x008fa8   0x1d  Code  Gb  stm8l15x_it.o [1]
TIM2_UPD_OVF_TRG_BRK_USART2_TX_IRQHandler
                        0x009190    0x1  Code  Gb  stm8l15x_it.o [1]
TIM3_CC_USART3_RX_IRQHandler
                        0x009192    0x1  Code  Gb  stm8l15x_it.o [1]
TIM3_UPD_OVF_TRG_BRK_USART3_TX_IRQHandler
                        0x009191    0x1  Code  Gb  stm8l15x_it.o [1]
TIM4_UPD_OVF_TRG_IRQHandler
                        0x009195    0x1  Code  Gb  stm8l15x_it.o [1]
TRAP_IRQHandler         0x00917e    0x1  Code  Gb  stm8l15x_it.o [1]
USART1_RX_TIM5_CC_IRQHandler
                        0x009198    0x1  Code  Gb  stm8l15x_it.o [1]
USART1_TX_TIM5_UPD_OVF_TRG_BRK_IRQHandler
                        0x009197    0x1  Code  Gb  stm8l15x_it.o [1]
USART_ClearFlag         0x009157    0x5  Code  Gb  stm8l15x_usart.o [1]
USART_Cmd               0x008f18   0x27  Code  Gb  stm8l15x_usart.o [1]
USART_DeInit            0x008ef1   0x27  Code  Gb  stm8l15x_usart.o [1]
USART_ITConfig          0x0089b6   0x94  Code  Gb  stm8l15x_usart.o [1]
USART_Init              0x0087ac   0xca  Code  Gb  stm8l15x_usart.o [1]
Usart2_Module_Init      0x008c59   0x54  Code  Gb  usart.o [1]
Watchdog_Reload         0x00917d    0x1  Code  Gb  LoraSpiGpio.o [1]
__DebugBreak            0x00919a    0x1  Code  Gb  __dbg_break.o [3]
__exit                  0x00903d   0x14  Code  Gb  __dbg_xxexit.o [3]
__iar_copy_init2        0x008ec9         Code  Gb  init_small.o [4]
__iar_data_init2        0x009029   0x14  Code  Gb  init.o [4]
__iar_program_start     0x009051         Code  Gb  cstartup.o [4]
__iar_unhandled_exception
                        0x00917a         Code  Gb  unhandled_exception.o [4]
__intvec                0x008000         Data  Gb  interrupt.o [4]
__low_level_init        0x009174    0x3  Code  Gb  low_level_init.o [4]
_exit                   0x00915c         Code  Gb  cexit.o [4]
_interrupt_1            0x00917e         Code  Gb  stm8l15x_it.o [1]
_interrupt_10           0x008e9a         Code  Gb  stm8l15x_it.o [1]
_interrupt_11           0x009186         Code  Gb  stm8l15x_it.o [1]
_interrupt_12           0x009187         Code  Gb  stm8l15x_it.o [1]
_interrupt_13           0x009188         Code  Gb  stm8l15x_it.o [1]
_interrupt_14           0x009189         Code  Gb  stm8l15x_it.o [1]
_interrupt_15           0x00918a         Code  Gb  stm8l15x_it.o [1]
_interrupt_16           0x00918b         Code  Gb  stm8l15x_it.o [1]
_interrupt_17           0x00918c         Code  Gb  stm8l15x_it.o [1]
_interrupt_18           0x00918d         Code  Gb  stm8l15x_it.o [1]
_interrupt_19           0x00918e         Code  Gb  stm8l15x_it.o [1]
_interrupt_20           0x00918f         Code  Gb  stm8l15x_it.o [1]
_interrupt_21           0x009190         Code  Gb  stm8l15x_it.o [1]
_interrupt_22           0x008fa8         Code  Gb  stm8l15x_it.o [1]
_interrupt_23           0x009191         Code  Gb  stm8l15x_it.o [1]
_interrupt_24           0x009192         Code  Gb  stm8l15x_it.o [1]
_interrupt_25           0x009193         Code  Gb  stm8l15x_it.o [1]
_interrupt_26           0x009194         Code  Gb  stm8l15x_it.o [1]
_interrupt_27           0x009195         Code  Gb  stm8l15x_it.o [1]
_interrupt_28           0x009196         Code  Gb  stm8l15x_it.o [1]
_interrupt_29           0x009197         Code  Gb  stm8l15x_it.o [1]
_interrupt_3            0x00917f         Code  Gb  stm8l15x_it.o [1]
_interrupt_30           0x009198         Code  Gb  stm8l15x_it.o [1]
_interrupt_31           0x009199         Code  Gb  stm8l15x_it.o [1]
_interrupt_4            0x009180         Code  Gb  stm8l15x_it.o [1]
_interrupt_5            0x009181         Code  Gb  stm8l15x_it.o [1]
_interrupt_6            0x009182         Code  Gb  stm8l15x_it.o [1]
_interrupt_7            0x009183         Code  Gb  stm8l15x_it.o [1]
_interrupt_8            0x009184         Code  Gb  stm8l15x_it.o [1]
_interrupt_9            0x009185         Code  Gb  stm8l15x_it.o [1]
delayms                 0x00826b   0x17  Code  Lc  Lora.o [1]
exit                    0x009177    0x3  Code  Gb  exit.o [4]
main                    0x0085d1  0x10a  Code  Gb  main.o [1]


[1] = E:\WORK_DIR\PROJECT\PROGRAM\LORA TEST\IAR\Debug\Obj
[2] = command line
[3] = dbgstm8smd.a
[4] = dlstm8smf.a

  4 148 bytes of readonly  code memory
    359 bytes of readonly  data memory
    280 bytes of readwrite data memory

Errors: none
Warnings: none
