###############################################################################
#
# IAR ELF Linker V3.10.1.201 for STM8                     20/Mar/2020  17:31:04
# Copyright 2010-2017 IAR Systems AB.
#
#    Output file  =  
#        E:\WORK_DIR\PROJECT\PROGRAM\KEY_TEST\IAR\Debug\Exe\KEY_TEST.out
#    Map file     =  
#        E:\WORK_DIR\PROJECT\PROGRAM\KEY_TEST\IAR\Debug\List\KEY_TEST.map
#    Command line =  
#        -f C:\Users\YANGCA~1\AppData\Local\Temp\EWBA78.tmp
#        (E:\WORK_DIR\PROJECT\PROGRAM\KEY_TEST\IAR\Debug\Obj\ADS1115.o
#        E:\WORK_DIR\PROJECT\PROGRAM\KEY_TEST\IAR\Debug\Obj\Clk.o
#        E:\WORK_DIR\PROJECT\PROGRAM\KEY_TEST\IAR\Debug\Obj\Delay.o
#        E:\WORK_DIR\PROJECT\PROGRAM\KEY_TEST\IAR\Debug\Obj\key.o
#        E:\WORK_DIR\PROJECT\PROGRAM\KEY_TEST\IAR\Debug\Obj\led.o
#        E:\WORK_DIR\PROJECT\PROGRAM\KEY_TEST\IAR\Debug\Obj\main.o
#        E:\WORK_DIR\PROJECT\PROGRAM\KEY_TEST\IAR\Debug\Obj\Mcuconfig.o
#        E:\WORK_DIR\PROJECT\PROGRAM\KEY_TEST\IAR\Debug\Obj\RS485.o
#        E:\WORK_DIR\PROJECT\PROGRAM\KEY_TEST\IAR\Debug\Obj\stm8l15x_clk.o
#        E:\WORK_DIR\PROJECT\PROGRAM\KEY_TEST\IAR\Debug\Obj\stm8l15x_exti.o
#        E:\WORK_DIR\PROJECT\PROGRAM\KEY_TEST\IAR\Debug\Obj\stm8l15x_gpio.o
#        E:\WORK_DIR\PROJECT\PROGRAM\KEY_TEST\IAR\Debug\Obj\stm8l15x_it.o
#        E:\WORK_DIR\PROJECT\PROGRAM\KEY_TEST\IAR\Debug\Obj\stm8l15x_tim1.o
#        E:\WORK_DIR\PROJECT\PROGRAM\KEY_TEST\IAR\Debug\Obj\stm8l15x_tim2.o
#        E:\WORK_DIR\PROJECT\PROGRAM\KEY_TEST\IAR\Debug\Obj\stm8l15x_tim3.o
#        E:\WORK_DIR\PROJECT\PROGRAM\KEY_TEST\IAR\Debug\Obj\stm8l15x_tim4.o
#        E:\WORK_DIR\PROJECT\PROGRAM\KEY_TEST\IAR\Debug\Obj\stm8l15x_usart.o
#        E:\WORK_DIR\PROJECT\PROGRAM\KEY_TEST\IAR\Debug\Obj\SysInitApp.o
#        E:\WORK_DIR\PROJECT\PROGRAM\KEY_TEST\IAR\Debug\Obj\TestItems.o
#        E:\WORK_DIR\PROJECT\PROGRAM\KEY_TEST\IAR\Debug\Obj\usart.o --redirect
#        _Printf=_PrintfLarge --redirect _Scanf=_ScanfSmall -o
#        E:\WORK_DIR\PROJECT\PROGRAM\KEY_TEST\IAR\Debug\Exe\KEY_TEST.out --map
#        E:\WORK_DIR\PROJECT\PROGRAM\KEY_TEST\IAR\Debug\List\KEY_TEST.map
#        --config "D:\SOFTWARE\IAR System\stm8\config\lnkstm8l052r8.icf"
#        --config_def _CSTACK_SIZE=0x100 --config_def _HEAP_SIZE=0x100 --entry
#        __iar_program_start --debug_lib)
#
###############################################################################

*******************************************************************************
*** RUNTIME MODEL ATTRIBUTES
***

__Heap_Handler             = Basic
__SystemLibrary            = DLib
__code_model               = small
__core                     = stm8
__data_model               = medium
__dlib_file_descriptor     = 1
__dlib_full_locale_support = 1
__rt_version               = 4


*******************************************************************************
*** PLACEMENT SUMMARY
***

"A0":  place at start of [0x000000-0x0000ff] { rw section .vregs };
"A1":  place at end of [0x000000-0x000fff] { block CSTACK };
"P2":  place in [from 0x000000 to 0x000fff] {
          block HEAP, rw section __DLIB_PERTHREAD, rw section .far.bss,
          rw section .far.data, rw section .far.noinit,
          rw section .far_func.textrw, rw section .huge.bss,
          rw section .huge.data, rw section .huge.noinit,
          rw section .huge_func.textrw, rw section .iar.dynexit,
          rw section .near.bss, rw section .near.data, rw section .near.noinit,
          rw section .near_func.textrw };
"A2":  place at start of [0x008000-0x00ffff] { block INTVEC };
"P3":  place in [from 0x008000 to 0x00ffff] {
          ro section __DLIB_PERTHREAD_init, ro section .far.data_init,
          ro section .far_func.textrw_init, ro section .huge.data_init,
          ro section .huge_func.textrw_init, ro section .iar.init_table,
          ro section .init_array, ro section .near.data_init,
          ro section .near.rodata, ro section .near_func.text,
          ro section .near_func.textrw_init, ro section .tiny.data_init,
          ro section .tiny.rodata_init };
do not initialize {
   rw section .eeprom.noinit, rw section .far.noinit, rw section .huge.noinit,
   rw section .near.noinit, rw section .tiny.noinit, rw section .vregs };

  Section          Kind      Address   Size  Object
  -------          ----      -------   ----  ------
"A0":                                   0xc
  .vregs           uninit   0x000000    0xc  vregs.o [4]
                          - 0x00000c    0xc

"P2":                                 0x19a
  .near.bss        zero     0x00000c   0x83  usart.o [1]
  .near.bss        zero     0x00008f   0x83  usart.o [1]
  .near.bss        zero     0x000112   0x83  usart.o [1]
  .near.bss        zero     0x000195    0xe  TestItems.o [1]
  .near.bss        zero     0x0001a3    0x2  SysInitApp.o [1]
  .near.bss        zero     0x0001a5    0x1  TestItems.o [1]
                          - 0x0001a6  0x19a

"A1":                                 0x100
  CSTACK                    0x000f00  0x100  <Block>
    CSTACK         uninit   0x000f00  0x100  <Block tail>
                          - 0x001000  0x100

"A2":                                  0x80
  INTVEC                    0x008000   0x80  <Block>
    .intvec        const    0x008000   0x80  interrupt.o [4]
                          - 0x008080   0x80

"P3":                                 0x812
  .near_func.text  ro code  0x008080  0x10d  stm8l15x_exti.o [1]
  .near_func.text  ro code  0x00818d   0xa9  stm8l15x_usart.o [1]
  .near_func.text  ro code  0x008236   0x8e  stm8l15x_gpio.o [1]
  .near_func.text  ro code  0x0082c4   0x7c  main.o [1]
  .near_func.text  ro code  0x008340   0x76  stm8l15x_it.o [1]
  .near_func.text  ro code  0x0083b6   0x5f  stm8l15x_it.o [1]
  .near_func.text  ro code  0x008415   0x5d  vreg_util.o [4]
  .near_func.text  ro code  0x008472   0x59  stm8l15x_it.o [1]
  .near_func.text  ro code  0x0084cb   0x59  stm8l15x_it.o [1]
  .near_func.text  ro code  0x008524   0x41  stm8l15x_clk.o [1]
  .near_func.text  ro code  0x008565   0x3f  stm8l15x_it.o [1]
  .near_func.text  ro code  0x0085a4   0x3c  stm8l15x_it.o [1]
  .near_func.text  ro code  0x0085e0   0x3b  stm8l15x_it.o [1]
  .near_func.text  ro code  0x00861b   0x2f  stm8l15x_it.o [1]
  .near_func.text  ro code  0x00864a   0x2f  stm8l15x_it.o [1]
  .near_func.text  ro code  0x008679   0x2f  stm8l15x_it.o [1]
  .near_func.text  ro code  0x0086a8   0x2f  stm8l15x_it.o [1]
  .near_func.text  ro code  0x0086d7   0x2f  stm8l15x_it.o [1]
  .near_func.text  ro code  0x008706   0x2c  main.o [1]
  .near_func.text  ro code  0x008732   0x2c  main.o [1]
  .near_func.text  ro code  0x00875e   0x21  stm8l15x_exti.o [1]
  .iar.init_table  const    0x00877f    0x8  - Linker created -
  .near_func.text  ro code  0x008787   0x1f  Delay.o [1]
  .near_func.text  ro code  0x0087a6   0x1e  init_small.o [4]
  .near_func.text  ro code  0x0087c4   0x19  Clk.o [1]
  .near_func.text  ro code  0x0087dd   0x16  memset.o [4]
  .near_func.text  ro code  0x0087f3   0x14  init.o [4]
  .near_func.text  ro code  0x008807   0x14  __dbg_xxexit.o [3]
  .near_func.text  ro code  0x00881b   0x13  cstartup.o [4]
  .near_func.text  ro code  0x00882e    0xd  stm8l15x_clk.o [1]
  .near_func.text  ro code  0x00883b    0x8  short.o [4]
  .near_func.text  ro code  0x008843    0x7  stm8l15x_gpio.o [1]
  .near_func.text  ro code  0x00884a    0x7  stm8l15x_gpio.o [1]
  .near_func.text  ro code  0x008851    0x5  stm8l15x_tim3.o [1]
  .near_func.text  ro code  0x008856    0x5  stm8l15x_usart.o [1]
  .near_func.text  ro code  0x00885b    0x5  cexit.o [4]
  .near_func.text  ro code  0x008860    0x4  stm8l15x_clk.o [1]
  .near_func.text  ro code  0x008864    0x4  stm8l15x_clk.o [1]
  .near_func.text  ro code  0x008868    0x4  stm8l15x_clk.o [1]
  .near_func.text  ro code  0x00886c    0x4  stm8l15x_gpio.o [1]
  .near_func.text  ro code  0x008870    0x3  stm8l15x_usart.o [1]
  .near_func.text  ro code  0x008873    0x3  interrupt.o [4]
  .near_func.text  ro code  0x008876    0x3  low_level_init.o [4]
  .near_func.text  ro code  0x008879    0x3  exit.o [4]
  .near_func.text  ro code  0x00887c    0x3  unhandled_exception.o [4]
  .near_func.text  ro code  0x00887f    0x1  stm8l15x_it.o [1]
  .near_func.text  ro code  0x008880    0x1  stm8l15x_it.o [1]
  .near_func.text  ro code  0x008881    0x1  stm8l15x_it.o [1]
  .near_func.text  ro code  0x008882    0x1  stm8l15x_it.o [1]
  .near_func.text  ro code  0x008883    0x1  stm8l15x_it.o [1]
  .near_func.text  ro code  0x008884    0x1  stm8l15x_it.o [1]
  .near_func.text  ro code  0x008885    0x1  stm8l15x_it.o [1]
  .near_func.text  ro code  0x008886    0x1  stm8l15x_it.o [1]
  .near_func.text  ro code  0x008887    0x1  stm8l15x_it.o [1]
  .near_func.text  ro code  0x008888    0x1  stm8l15x_it.o [1]
  .near_func.text  ro code  0x008889    0x1  stm8l15x_it.o [1]
  .near_func.text  ro code  0x00888a    0x1  stm8l15x_it.o [1]
  .near_func.text  ro code  0x00888b    0x1  stm8l15x_it.o [1]
  .near_func.text  ro code  0x00888c    0x1  stm8l15x_it.o [1]
  .near_func.text  ro code  0x00888d    0x1  stm8l15x_it.o [1]
  .near_func.text  ro code  0x00888e    0x1  stm8l15x_it.o [1]
  .near_func.text  ro code  0x00888f    0x1  stm8l15x_it.o [1]
  .near_func.text  ro code  0x008890    0x1  stm8l15x_it.o [1]
  .near_func.text  ro code  0x008891    0x1  __dbg_break.o [3]
                          - 0x008892  0x812


*******************************************************************************
*** INIT TABLE
***

          Address   Size
          -------   ----
Zero (__iar_zero_init2)
    1 destination range, total size 0x19a:
          0x00000c  0x19a



*******************************************************************************
*** MODULE SUMMARY
***

    Module                 ro code  ro data  rw data
    ------                 -------  -------  -------
E:\WORK_DIR\PROJECT\PROGRAM\KEY_TEST\IAR\Debug\Obj: [1]
    Clk.o                       25
    Delay.o                     31
    SysInitApp.o                                   2
    TestItems.o                                   15
    main.o                     212
    stm8l15x_clk.o              90
    stm8l15x_exti.o            302
    stm8l15x_gpio.o            160
    stm8l15x_it.o              826
    stm8l15x_tim3.o              5
    stm8l15x_usart.o           177
    usart.o                                      393
    ------------------------------------------------
    Total:                   1 828               410

command line: [2]
    ------------------------------------------------
    Total:

dbgstm8smd.a: [3]
    __dbg_break.o                1
    __dbg_xxexit.o              20
    ------------------------------------------------
    Total:                      21

dlstm8smf.a: [4]
    cexit.o                      5
    cstartup.o                  19
    exit.o                       3
    init.o                      20
    init_small.o                30
    interrupt.o                  3      128
    low_level_init.o             3
    memset.o                    22
    short.o                      8
    unhandled_exception.o        3
    vreg_util.o                 93
    vregs.o                                       12
    ------------------------------------------------
    Total:                     209      128       12

    Linker created                        8      256
----------------------------------------------------
    Grand Total:             2 058      136      678


*******************************************************************************
*** ENTRY LIST
***

Entry                    Address   Size  Type      Object
-----                    -------   ----  ----      ------
.iar.init_table$$Base   0x00877f          --   Gb  - Linker created -
.iar.init_table$$Limit  0x008787          --   Gb  - Linker created -
?b0                     0x000000         Data  Gb  vregs.o [4]
?b1                     0x000001         Data  Gb  vregs.o [4]
?b10                    0x00000a         Data  Gb  vregs.o [4]
?b11                    0x00000b         Data  Gb  vregs.o [4]
?b2                     0x000002         Data  Gb  vregs.o [4]
?b3                     0x000003         Data  Gb  vregs.o [4]
?b4                     0x000004         Data  Gb  vregs.o [4]
?b5                     0x000005         Data  Gb  vregs.o [4]
?b6                     0x000006         Data  Gb  vregs.o [4]
?b7                     0x000007         Data  Gb  vregs.o [4]
?b8                     0x000008         Data  Gb  vregs.o [4]
?b9                     0x000009         Data  Gb  vregs.o [4]
?e0                     0x000001         Data  Gb  vregs.o [4]
?e1                     0x000005         Data  Gb  vregs.o [4]
?e2                     0x000009         Data  Gb  vregs.o [4]
?l0                     0x000000         Data  Gb  vregs.o [4]
?l1                     0x000004         Data  Gb  vregs.o [4]
?l2                     0x000008         Data  Gb  vregs.o [4]
?pop_l0                 0x008454         Code  Gb  vreg_util.o [4]
?pop_l1                 0x00845f         Code  Gb  vreg_util.o [4]
?push_l0                0x00842d         Code  Gb  vreg_util.o [4]
?push_l1                0x008432         Code  Gb  vreg_util.o [4]
?push_w4                0x008415         Code  Gb  vreg_util.o [4]
?sll16_x_x_a            0x00883b         Code  Gb  short.o [4]
?w0                     0x000000         Data  Gb  vregs.o [4]
?w1                     0x000002         Data  Gb  vregs.o [4]
?w2                     0x000004         Data  Gb  vregs.o [4]
?w3                     0x000006         Data  Gb  vregs.o [4]
?w4                     0x000008         Data  Gb  vregs.o [4]
?w5                     0x00000a         Data  Gb  vregs.o [4]
ADC1_COMP_IRQHandler    0x008889    0x1  Code  Gb  stm8l15x_it.o [1]
CLK_DeInit              0x008524   0x41  Code  Gb  stm8l15x_clk.o [1]
CLK_GetSYSCLKSource     0x008864    0x4  Code  Gb  stm8l15x_clk.o [1]
CLK_SYSCLKDivConfig     0x008868    0x4  Code  Gb  stm8l15x_clk.o [1]
CLK_SYSCLKSourceConfig  0x008860    0x4  Code  Gb  stm8l15x_clk.o [1]
CLK_SYSCLKSourceSwitchCmd
                        0x00882e    0xd  Code  Gb  stm8l15x_clk.o [1]
CSTACK$$Base            0x000f00          --   Gb  - Linker created -
CSTACK$$Limit           0x001000          --   Gb  - Linker created -
CloseValve              0x008732   0x2c  Code  Gb  main.o [1]
DMA1_CHANNEL0_1_IRQHandler
                        0x008881    0x1  Code  Gb  stm8l15x_it.o [1]
DMA1_CHANNEL2_3_IRQHandler
                        0x008882    0x1  Code  Gb  stm8l15x_it.o [1]
Delay_ms                0x008787   0x1f  Code  Gb  Delay.o [1]
EXTI0_IRQHandler        0x008886    0x1  Code  Gb  stm8l15x_it.o [1]
EXTI1_IRQHandler        0x00861b   0x2f  Code  Gb  stm8l15x_it.o [1]
EXTI2_IRQHandler        0x008565   0x3f  Code  Gb  stm8l15x_it.o [1]
EXTI3_IRQHandler        0x0085e0   0x3b  Code  Gb  stm8l15x_it.o [1]
EXTI4_IRQHandler        0x00864a   0x2f  Code  Gb  stm8l15x_it.o [1]
EXTI5_IRQHandler        0x008679   0x2f  Code  Gb  stm8l15x_it.o [1]
EXTI6_IRQHandler        0x0086a8   0x2f  Code  Gb  stm8l15x_it.o [1]
EXTI7_IRQHandler        0x0086d7   0x2f  Code  Gb  stm8l15x_it.o [1]
EXTIB_G_IRQHandler      0x008885    0x1  Code  Gb  stm8l15x_it.o [1]
EXTID_H_IRQHandler      0x0083b6   0x5f  Code  Gb  stm8l15x_it.o [1]
EXTIE_F_PVD_IRQHandler  0x008884    0x1  Code  Gb  stm8l15x_it.o [1]
EXTI_ClearITPendingBit  0x00875e   0x21  Code  Gb  stm8l15x_exti.o [1]
EXTI_SetPinSensitivity  0x008080  0x10d  Code  Gb  stm8l15x_exti.o [1]
FLASH_IRQHandler        0x008880    0x1  Code  Gb  stm8l15x_it.o [1]
Flag_PA3                0x0001a5    0x1  Data  Gb  TestItems.o [1]
GPIO_Init               0x008236   0x8e  Code  Gb  stm8l15x_gpio.o [1]
GPIO_ReadInputDataBit   0x00884a    0x7  Code  Gb  stm8l15x_gpio.o [1]
GPIO_ResetBits          0x00886c    0x4  Code  Gb  stm8l15x_gpio.o [1]
GPIO_SetBits            0x008843    0x7  Code  Gb  stm8l15x_gpio.o [1]
I2C1_SPI2_IRQHandler    0x008890    0x1  Code  Gb  stm8l15x_it.o [1]
INTVEC$$Base            0x008000          --   Gb  - Linker created -
INTVEC$$Limit           0x008080          --   Gb  - Linker created -
LCD_AES_IRQHandler      0x008887    0x1  Code  Gb  stm8l15x_it.o [1]
MsCount                 0x0001a3    0x2  Data  Gb  SysInitApp.o [1]
MyFlagSturct            0x000195    0xe  Data  Gb  TestItems.o [1]
OpenValve               0x008706   0x2c  Code  Gb  main.o [1]
RTC_CSSLSE_IRQHandler   0x008883    0x1  Code  Gb  stm8l15x_it.o [1]
Region$$Table$$Base     0x00877f          --   Gb  - Linker created -
Region$$Table$$Limit    0x008787          --   Gb  - Linker created -
SPI1_IRQHandler         0x00888e    0x1  Code  Gb  stm8l15x_it.o [1]
SWITCH_CSS_BREAK_DAC_IRQHandler
                        0x008888    0x1  Code  Gb  stm8l15x_it.o [1]
SysClockInit            0x0087c4   0x19  Code  Gb  Clk.o [1]
TIM1_CC_IRQHandler      0x00888c    0x1  Code  Gb  stm8l15x_it.o [1]
TIM1_UPD_OVF_TRG_COM_IRQHandler
                        0x00888b    0x1  Code  Gb  stm8l15x_it.o [1]
TIM2_CC_USART2_RX_IRQHandler
                        0x008472   0x59  Code  Gb  stm8l15x_it.o [1]
TIM2_UPD_OVF_TRG_BRK_USART2_TX_IRQHandler
                        0x00888a    0x1  Code  Gb  stm8l15x_it.o [1]
TIM3_CC_USART3_RX_IRQHandler
                        0x008340   0x76  Code  Gb  stm8l15x_it.o [1]
TIM3_ClearITPendingBit  0x008851    0x5  Code  Gb  stm8l15x_tim3.o [1]
TIM3_UPD_OVF_TRG_BRK_USART3_TX_IRQHandler
                        0x0085a4   0x3c  Code  Gb  stm8l15x_it.o [1]
TIM4_UPD_OVF_TRG_IRQHandler
                        0x00888d    0x1  Code  Gb  stm8l15x_it.o [1]
TRAP_IRQHandler         0x00887f    0x1  Code  Gb  stm8l15x_it.o [1]
USART1_RX_TIM5_CC_IRQHandler
                        0x0084cb   0x59  Code  Gb  stm8l15x_it.o [1]
USART1_TX_TIM5_UPD_OVF_TRG_BRK_IRQHandler
                        0x00888f    0x1  Code  Gb  stm8l15x_it.o [1]
USART_1                 0x00000c   0x83  Data  Gb  usart.o [1]
USART_2                 0x00008f   0x83  Data  Gb  usart.o [1]
USART_3                 0x000112   0x83  Data  Gb  usart.o [1]
USART_ClearFlag         0x008856    0x5  Code  Gb  stm8l15x_usart.o [1]
USART_GetITStatus       0x00818d   0xa9  Code  Gb  stm8l15x_usart.o [1]
USART_ReceiveData8      0x008870    0x3  Code  Gb  stm8l15x_usart.o [1]
__DebugBreak            0x008891    0x1  Code  Gb  __dbg_break.o [3]
__exit                  0x008807   0x14  Code  Gb  __dbg_xxexit.o [3]
__iar_data_init2        0x0087f3   0x14  Code  Gb  init.o [4]
__iar_program_start     0x00881b         Code  Gb  cstartup.o [4]
__iar_unhandled_exception
                        0x00887c         Code  Gb  unhandled_exception.o [4]
__iar_zero_init2        0x0087a6         Code  Gb  init_small.o [4]
__intvec                0x008000         Data  Gb  interrupt.o [4]
__low_level_init        0x008876    0x3  Code  Gb  low_level_init.o [4]
_exit                   0x00885b         Code  Gb  cexit.o [4]
_interrupt_1            0x00887f         Code  Gb  stm8l15x_it.o [1]
_interrupt_10           0x008886         Code  Gb  stm8l15x_it.o [1]
_interrupt_11           0x00861b         Code  Gb  stm8l15x_it.o [1]
_interrupt_12           0x008565         Code  Gb  stm8l15x_it.o [1]
_interrupt_13           0x0085e0         Code  Gb  stm8l15x_it.o [1]
_interrupt_14           0x00864a         Code  Gb  stm8l15x_it.o [1]
_interrupt_15           0x008679         Code  Gb  stm8l15x_it.o [1]
_interrupt_16           0x0086a8         Code  Gb  stm8l15x_it.o [1]
_interrupt_17           0x0086d7         Code  Gb  stm8l15x_it.o [1]
_interrupt_18           0x008887         Code  Gb  stm8l15x_it.o [1]
_interrupt_19           0x008888         Code  Gb  stm8l15x_it.o [1]
_interrupt_20           0x008889         Code  Gb  stm8l15x_it.o [1]
_interrupt_21           0x00888a         Code  Gb  stm8l15x_it.o [1]
_interrupt_22           0x008472         Code  Gb  stm8l15x_it.o [1]
_interrupt_23           0x0085a4         Code  Gb  stm8l15x_it.o [1]
_interrupt_24           0x008340         Code  Gb  stm8l15x_it.o [1]
_interrupt_25           0x00888b         Code  Gb  stm8l15x_it.o [1]
_interrupt_26           0x00888c         Code  Gb  stm8l15x_it.o [1]
_interrupt_27           0x00888d         Code  Gb  stm8l15x_it.o [1]
_interrupt_28           0x00888e         Code  Gb  stm8l15x_it.o [1]
_interrupt_29           0x00888f         Code  Gb  stm8l15x_it.o [1]
_interrupt_3            0x008880         Code  Gb  stm8l15x_it.o [1]
_interrupt_30           0x0084cb         Code  Gb  stm8l15x_it.o [1]
_interrupt_31           0x008890         Code  Gb  stm8l15x_it.o [1]
_interrupt_4            0x008881         Code  Gb  stm8l15x_it.o [1]
_interrupt_5            0x008882         Code  Gb  stm8l15x_it.o [1]
_interrupt_6            0x008883         Code  Gb  stm8l15x_it.o [1]
_interrupt_7            0x008884         Code  Gb  stm8l15x_it.o [1]
_interrupt_8            0x008885         Code  Gb  stm8l15x_it.o [1]
_interrupt_9            0x0083b6         Code  Gb  stm8l15x_it.o [1]
exit                    0x008879    0x3  Code  Gb  exit.o [4]
main                    0x0082c4   0x7c  Code  Gb  main.o [1]
memset                  0x0087dd   0x16  Code  Gb  memset.o [4]


[1] = E:\WORK_DIR\PROJECT\PROGRAM\KEY_TEST\IAR\Debug\Obj
[2] = command line
[3] = dbgstm8smd.a
[4] = dlstm8smf.a

  2 058 bytes of readonly  code memory
    136 bytes of readonly  data memory
    678 bytes of readwrite data memory

Errors: none
Warnings: none
