###############################################################################
#
# IAR ELF Linker V3.10.1.201 for STM8                     27/Mar/2020  18:38:13
# Copyright 2010-2017 IAR Systems AB.
#
#    Output file  =  
#        E:\WORK_DIR\PROJECT\单板测试工装板\software\RHX NYFK
#        TEST\IAR\Debug\Exe\RHX_NYFK_TEST.hex
#    Map file     =  
#        E:\WORK_DIR\PROJECT\单板测试工装板\software\RHX NYFK
#        TEST\IAR\Debug\List\RHX_NYFK_TEST.map
#    Command line =  
#        -f C:\Users\YANGCA~1\AppData\Local\Temp\EWA35C.tmp
#        ("E:\WORK_DIR\PROJECT\单板测试工装板\software\RHX NYFK
#        TEST\IAR\Debug\Obj\Adc.o"
#        "E:\WORK_DIR\PROJECT\单板测试工装板\software\RHX NYFK
#        TEST\IAR\Debug\Obj\Clk.o"
#        "E:\WORK_DIR\PROJECT\单板测试工装板\software\RHX NYFK
#        TEST\IAR\Debug\Obj\CRC16.o"
#        "E:\WORK_DIR\PROJECT\单板测试工装板\software\RHX NYFK
#        TEST\IAR\Debug\Obj\Delay.o"
#        "E:\WORK_DIR\PROJECT\单板测试工装板\software\RHX NYFK
#        TEST\IAR\Debug\Obj\ht24lc32.o"
#        "E:\WORK_DIR\PROJECT\单板测试工装板\software\RHX NYFK
#        TEST\IAR\Debug\Obj\key.o"
#        "E:\WORK_DIR\PROJECT\单板测试工装板\software\RHX NYFK
#        TEST\IAR\Debug\Obj\led.o"
#        "E:\WORK_DIR\PROJECT\单板测试工装板\software\RHX NYFK
#        TEST\IAR\Debug\Obj\Lora.o"
#        "E:\WORK_DIR\PROJECT\单板测试工装板\software\RHX NYFK
#        TEST\IAR\Debug\Obj\LoraSpiGpio.o"
#        "E:\WORK_DIR\PROJECT\单板测试工装板\software\RHX NYFK
#        TEST\IAR\Debug\Obj\main.o"
#        "E:\WORK_DIR\PROJECT\单板测试工装板\software\RHX NYFK
#        TEST\IAR\Debug\Obj\RS485.o"
#        "E:\WORK_DIR\PROJECT\单板测试工装板\software\RHX NYFK
#        TEST\IAR\Debug\Obj\stm8l15x_adc.o"
#        "E:\WORK_DIR\PROJECT\单板测试工装板\software\RHX NYFK
#        TEST\IAR\Debug\Obj\stm8l15x_clk.o"
#        "E:\WORK_DIR\PROJECT\单板测试工装板\software\RHX NYFK
#        TEST\IAR\Debug\Obj\stm8l15x_exti.o"
#        "E:\WORK_DIR\PROJECT\单板测试工装板\software\RHX NYFK
#        TEST\IAR\Debug\Obj\stm8l15x_gpio.o"
#        "E:\WORK_DIR\PROJECT\单板测试工装板\software\RHX NYFK
#        TEST\IAR\Debug\Obj\stm8l15x_it.o"
#        "E:\WORK_DIR\PROJECT\单板测试工装板\software\RHX NYFK
#        TEST\IAR\Debug\Obj\stm8l15x_spi.o"
#        "E:\WORK_DIR\PROJECT\单板测试工装板\software\RHX NYFK
#        TEST\IAR\Debug\Obj\stm8l15x_usart.o"
#        "E:\WORK_DIR\PROJECT\单板测试工装板\software\RHX NYFK
#        TEST\IAR\Debug\Obj\TestItems.o"
#        "E:\WORK_DIR\PROJECT\单板测试工装板\software\RHX NYFK
#        TEST\IAR\Debug\Obj\usart.o"
#        "E:\WORK_DIR\PROJECT\单板测试工装板\software\RHX NYFK
#        TEST\IAR\Debug\Obj\ValvePro.o" --redirect _Printf=_PrintfSmall
#        --redirect _Scanf=_ScanfSmall -o
#        "E:\WORK_DIR\PROJECT\单板测试工装板\software\RHX NYFK
#        TEST\IAR\Debug\Exe\RHX_NYFK_TEST.hex" --map
#        "E:\WORK_DIR\PROJECT\单板测试工装板\software\RHX NYFK
#        TEST\IAR\Debug\List\RHX_NYFK_TEST.map" --config "D:\SOFTWARE\IAR
#        System\stm8\config\lnkstm8l052r8.icf" --config_def _CSTACK_SIZE=0x100
#        --config_def _HEAP_SIZE=0x100 --entry __iar_program_start --debug_lib)
#
###############################################################################

*******************************************************************************
*** RUNTIME MODEL ATTRIBUTES
***

__SystemLibrary            = DLib
__code_model               = small
__core                     = stm8
__data_model               = medium
__dlib_file_descriptor     = 0
__dlib_full_locale_support = 0
__rt_version               = 4


*******************************************************************************
*** PLACEMENT SUMMARY
***

"A0":  place at start of [0x000000-0x0000ff] { rw section .vregs };
"A1":  place at end of [0x000000-0x000fff] { block CSTACK };
"P2":  place in [from 0x000000 to 0x000fff] {
          block HEAP, rw section __DLIB_PERTHREAD, rw section .far.bss,
          rw section .far.data, rw section .far.noinit,
          rw section .far_func.textrw, rw section .huge.bss,
          rw section .huge.data, rw section .huge.noinit,
          rw section .huge_func.textrw, rw section .iar.dynexit,
          rw section .near.bss, rw section .near.data, rw section .near.noinit,
          rw section .near_func.textrw };
"A2":  place at start of [0x008000-0x00ffff] { block INTVEC };
"P3":  place in [from 0x008000 to 0x00ffff] {
          ro section __DLIB_PERTHREAD_init, ro section .far.data_init,
          ro section .far_func.textrw_init, ro section .huge.data_init,
          ro section .huge_func.textrw_init, ro section .iar.init_table,
          ro section .init_array, ro section .near.data_init,
          ro section .near.rodata, ro section .near_func.text,
          ro section .near_func.textrw_init, ro section .tiny.data_init,
          ro section .tiny.rodata_init };
do not initialize {
   rw section .eeprom.noinit, rw section .far.noinit, rw section .huge.noinit,
   rw section .near.noinit, rw section .tiny.noinit, rw section .vregs };
initialize by copy {
   rw section .far.bss, rw section .far.data, rw section .far_func.textrw,
   rw section .huge.bss, rw section .huge.data, rw section .huge_func.textrw,
   rw section .iar.dynexit, rw section .near.bss, rw section .near.data,
   rw section .near_func.textrw, rw section .tiny.bss, rw section .tiny.data,
   ro section .tiny.rodata };

  Section            Kind      Address    Size  Object
  -------            ----      -------    ----  ------
"A0":                                     0x10
  .vregs             uninit   0x000000    0x10  vregs.o [4]
                            - 0x000010    0x10

"P2", part 1 of 2:                         0x4
  P2-1                        0x000010     0x4  <Init block>
    .near.data       inited   0x000010     0x1  Lora.o [1]
    .near.data       inited   0x000011     0x1  Lora.o [1]
    .near.data       inited   0x000012     0x1  Lora.o [1]
    .near.data       inited   0x000013     0x1  Lora.o [1]
                            - 0x000014     0x4

"P2", part 2 of 2:                       0x1e0
  .near.bss          zero     0x000014    0xcb  usart.o [1]
  .near.bss          zero     0x0000df    0xcb  usart.o [1]
  .near.bss          zero     0x0001aa    0x38  TestItems.o [1]
  .near.bss          zero     0x0001e2     0x7  ValvePro.o [1]
  .near.bss          zero     0x0001e9     0x3  ValvePro.o [1]
  .near.bss          zero     0x0001ec     0x3  ValvePro.o [1]
  .near.bss          zero     0x0001ef     0x2  key.o [1]
  .near.bss          zero     0x0001f1     0x1  Lora.o [1]
  .near.bss          zero     0x0001f2     0x1  Lora.o [1]
  .near.bss          zero     0x0001f3     0x1  Lora.o [1]
                            - 0x0001f4   0x1e0

"A1":                                    0x100
  CSTACK                      0x000f00   0x100  <Block>
    CSTACK           uninit   0x000f00   0x100  <Block tail>
                            - 0x001000   0x100

"A2":                                     0x80
  INTVEC                      0x008000    0x80  <Block>
    .intvec          const    0x008000    0x80  interrupt.o [4]
                            - 0x008080    0x80

"P3":                                   0x1615
  .near_func.text    ro code  0x008080   0x444  Lora.o [1]
  .near_func.text    ro code  0x0084c4   0x10d  stm8l15x_exti.o [1]
  .near_func.text    ro code  0x0085d1    0xe4  vreg_util.o [4]
  .near_func.text    ro code  0x0086b5    0xca  stm8l15x_usart.o [1]
  .near_func.text    ro code  0x00877f    0xaf  TestItems.o [1]
  .near_func.text    ro code  0x00882e    0xa9  stm8l15x_usart.o [1]
  .near.rodata       const    0x0088d7    0xa8  Lora.o [1]
  .near_func.text    ro code  0x00897f    0x9e  TestItems.o [1]
  .near_func.text    ro code  0x008a1d    0x99  LoraSpiGpio.o [1]
  .near_func.text    ro code  0x008ab6    0x94  stm8l15x_usart.o [1]
  .near_func.text    ro code  0x008b4a    0x8e  stm8l15x_gpio.o [1]
  .near_func.text    ro code  0x008bd8    0x8d  ValvePro.o [1]
  .near_func.text    ro code  0x008c65    0x89  stm8l15x_clk.o [1]
  .near_func.text    ro code  0x008cee    0x86  long.o [4]
  .near_func.text    ro code  0x008d74    0x72  stm8l15x_clk.o [1]
  .near_func.text    ro code  0x008de6    0x6f  ValvePro.o [1]
  .near_func.text    ro code  0x008e55    0x69  ValvePro.o [1]
  .near_func.text    ro code  0x008ebe    0x59  stm8l15x_it.o [1]
  .near_func.text    ro code  0x008f17    0x54  usart.o [1]
  .near_func.text    ro code  0x008f6b    0x54  usart.o [1]
  .near_func.text    ro code  0x008fbf    0x4c  stm8l15x_it.o [1]
  .near_func.text    ro code  0x00900b    0x49  TestItems.o [1]
  .near_func.text    ro code  0x009054    0x47  main.o [1]
  .near_func.text    ro code  0x00909b    0x44  usart.o [1]
  .near_func.text    ro code  0x0090df    0x41  stm8l15x_clk.o [1]
  .near_func.text    ro code  0x009120    0x3e  Lora.o [1]
  .near_func.text    ro code  0x00915e    0x3d  Lora.o [1]
  .near_func.text    ro code  0x00919b    0x3b  stm8l15x_it.o [1]
  .near_func.text    ro code  0x0091d6    0x3a  stm8l15x_it.o [1]
  .near_func.text    ro code  0x009210    0x38  led.o [1]
  .near_func.text    ro code  0x009248    0x32  led.o [1]
  .near_func.text    ro code  0x00927a    0x30  RS485.o [1]
  .near_func.text    ro code  0x0092aa    0x30  short.o [4]
  .near_func.text    ro code  0x0092da    0x2f  TestItems.o [1]
  .near_func.text    ro code  0x009309    0x2e  RS485.o [1]
  .near_func.text    ro code  0x009337    0x2b  stm8l15x_it.o [1]
  .near_func.text    ro code  0x009362    0x29  ValvePro.o [1]
  .near_func.text    ro code  0x00938b    0x28  init_small.o [4]
  .near_func.text    ro code  0x0093b3    0x27  stm8l15x_usart.o [1]
  .near_func.text    ro code  0x0093da    0x27  stm8l15x_usart.o [1]
  .near_func.text    ro code  0x009401    0x22  stm8l15x_usart.o [1]
  .near_func.text    ro code  0x009423    0x21  stm8l15x_exti.o [1]
  .iar.init_table    const    0x009444    0x12  - Linker created -
  .near_func.text    ro code  0x009456    0x1f  Delay.o [1]
  .near_func.text    ro code  0x009475    0x1e  init_small.o [4]
  .near_func.text    ro code  0x009493    0x1c  long_util.o [4]
  .near_func.text    ro code  0x0094af    0x1b  LoraSpiGpio.o [1]
  .near_func.text    ro code  0x0094ca    0x19  Clk.o [1]
  .near_func.text    ro code  0x0094e3    0x16  memset.o [4]
  .near_func.text    ro code  0x0094f9    0x14  Lora.o [1]
  .near_func.text    ro code  0x00950d    0x14  init.o [4]
  .near_func.text    ro code  0x009521    0x14  __dbg_xxexit.o [3]
  .near_func.text    ro code  0x009535    0x13  cstartup.o [4]
  .near_func.text    ro code  0x009548    0x12  stm8l15x_gpio.o [1]
  .near_func.text    ro code  0x00955a    0x11  LoraSpiGpio.o [1]
  .near_func.text    ro code  0x00956b     0xd  stm8l15x_clk.o [1]
  .near_func.text    ro code  0x009578     0xd  move.o [4]
  .near_func.text    ro code  0x009585     0xc  LoraSpiGpio.o [1]
  .near_func.text    ro code  0x009591     0xc  LoraSpiGpio.o [1]
  .near_func.text    ro code  0x00959d     0xc  LoraSpiGpio.o [1]
  .near_func.text    ro code  0x0095a9     0xc  LoraSpiGpio.o [1]
  .near_func.text    ro code  0x0095b5     0xc  LoraSpiGpio.o [1]
  .near_func.text    ro code  0x0095c1     0xc  LoraSpiGpio.o [1]
  .near.rodata       const    0x0095cd     0xa  Lora.o [1]
  .near_func.text    ro code  0x0095d7     0xa  LoraSpiGpio.o [1]
  .near_func.text    ro code  0x0095e1     0xa  LoraSpiGpio.o [1]
  .near_func.text    ro code  0x0095eb     0xa  LoraSpiGpio.o [1]
  .near_func.text    ro code  0x0095f5     0xa  LoraSpiGpio.o [1]
  .near_func.text    ro code  0x0095ff     0xa  LoraSpiGpio.o [1]
  .near_func.text    ro code  0x009609     0xa  LoraSpiGpio.o [1]
  .near.rodata       const    0x009613     0x8  Lora.o [1]
  .near.rodata       const    0x00961b     0x7  Lora.o [1]
  .near_func.text    ro code  0x009622     0x7  stm8l15x_gpio.o [1]
  .near_func.text    ro code  0x009629     0x7  stm8l15x_gpio.o [1]
  .near.rodata       const    0x009630     0x5  stm8l15x_clk.o [1]
  .near.rodata       const    0x009635     0x5  TestItems.o [1]
  .near_func.text    ro code  0x00963a     0x5  stm8l15x_usart.o [1]
  .near_func.text    ro code  0x00963f     0x5  cexit.o [4]
  .near.rodata       const    0x009644     0x4  TestItems.o [1]
  .near.rodata       const    0x009648     0x4  TestItems.o [1]
  .near.rodata       const    0x00964c     0x4  TestItems.o [1]
  .near_func.text    ro code  0x009650     0x4  stm8l15x_clk.o [1]
  .near_func.text    ro code  0x009654     0x4  stm8l15x_clk.o [1]
  .near_func.text    ro code  0x009658     0x4  stm8l15x_clk.o [1]
  .near_func.text    ro code  0x00965c     0x4  stm8l15x_gpio.o [1]
  Initializer bytes  const    0x009660     0x4  <for P2-1>
  .near_func.text    ro code  0x009664     0x3  stm8l15x_usart.o [1]
  .near_func.text    ro code  0x009667     0x3  stm8l15x_usart.o [1]
  .near_func.text    ro code  0x00966a     0x3  interrupt.o [4]
  .near_func.text    ro code  0x00966d     0x3  low_level_init.o [4]
  .near_func.text    ro code  0x009670     0x3  exit.o [4]
  .near_func.text    ro code  0x009673     0x3  unhandled_exception.o [4]
  .near.rodata       const    0x009676     0x2  TestItems.o [1]
  .near.rodata       const    0x009678     0x2  TestItems.o [1]
  .near_func.text    ro code  0x00967a     0x1  LoraSpiGpio.o [1]
  .near_func.text    ro code  0x00967b     0x1  stm8l15x_it.o [1]
  .near_func.text    ro code  0x00967c     0x1  stm8l15x_it.o [1]
  .near_func.text    ro code  0x00967d     0x1  stm8l15x_it.o [1]
  .near_func.text    ro code  0x00967e     0x1  stm8l15x_it.o [1]
  .near_func.text    ro code  0x00967f     0x1  stm8l15x_it.o [1]
  .near_func.text    ro code  0x009680     0x1  stm8l15x_it.o [1]
  .near_func.text    ro code  0x009681     0x1  stm8l15x_it.o [1]
  .near_func.text    ro code  0x009682     0x1  stm8l15x_it.o [1]
  .near_func.text    ro code  0x009683     0x1  stm8l15x_it.o [1]
  .near_func.text    ro code  0x009684     0x1  stm8l15x_it.o [1]
  .near_func.text    ro code  0x009685     0x1  stm8l15x_it.o [1]
  .near_func.text    ro code  0x009686     0x1  stm8l15x_it.o [1]
  .near_func.text    ro code  0x009687     0x1  stm8l15x_it.o [1]
  .near_func.text    ro code  0x009688     0x1  stm8l15x_it.o [1]
  .near_func.text    ro code  0x009689     0x1  stm8l15x_it.o [1]
  .near_func.text    ro code  0x00968a     0x1  stm8l15x_it.o [1]
  .near_func.text    ro code  0x00968b     0x1  stm8l15x_it.o [1]
  .near_func.text    ro code  0x00968c     0x1  stm8l15x_it.o [1]
  .near_func.text    ro code  0x00968d     0x1  stm8l15x_it.o [1]
  .near_func.text    ro code  0x00968e     0x1  stm8l15x_it.o [1]
  .near_func.text    ro code  0x00968f     0x1  stm8l15x_it.o [1]
  .near_func.text    ro code  0x009690     0x1  stm8l15x_it.o [1]
  .near_func.text    ro code  0x009691     0x1  stm8l15x_it.o [1]
  .near_func.text    ro code  0x009692     0x1  stm8l15x_it.o [1]
  .near_func.text    ro code  0x009693     0x1  stm8l15x_it.o [1]
  .near_func.text    ro code  0x009694     0x1  __dbg_break.o [3]
                            - 0x009695  0x1615


*******************************************************************************
*** INIT TABLE
***

          Address   Size
          -------   ----
Zero (__iar_zero_init2)
    1 destination range, total size 0x1e0:
          0x000014  0x1e0

Copy (__iar_copy_init2)
    1 source range, total size 0x4:
          0x009660    0x4
    1 destination range, total size 0x4:
          0x000010    0x4



*******************************************************************************
*** MODULE SUMMARY
***

    Module                 ro code  ro data  rw data
    ------                 -------  -------  -------
E:\WORK_DIR\PROJECT\单板测试工装板\software\RHX NYFK TEST\IAR\Debug\Obj: [1]
    Clk.o                       25
    Delay.o                     31
    Lora.o                   1 235      197        7
    LoraSpiGpio.o              330
    RS485.o                     94
    TestItems.o                453       21       56
    ValvePro.o                 398                13
    key.o                                          2
    led.o                      106
    main.o                      71
    stm8l15x_clk.o             341        5
    stm8l15x_exti.o            302
    stm8l15x_gpio.o            178
    stm8l15x_it.o              350
    stm8l15x_usart.o           642
    usart.o                    236               406
    ------------------------------------------------
    Total:                   4 792      223      484

command line: [2]
    ------------------------------------------------
    Total:

dbgstm8smd.a: [3]
    __dbg_break.o                1
    __dbg_xxexit.o              20
    ------------------------------------------------
    Total:                      21

dlstm8smn.a: [4]
    cexit.o                      5
    cstartup.o                  19
    exit.o                       3
    init.o                      20
    init_small.o                70
    interrupt.o                  3      128
    long.o                     134
    long_util.o                 28
    low_level_init.o             3
    memset.o                    22
    move.o                      13
    short.o                     48
    unhandled_exception.o        3
    vreg_util.o                228
    vregs.o                                       16
    ------------------------------------------------
    Total:                     599      128       16

    Linker created                       18      256
----------------------------------------------------
    Grand Total:             5 412      369      756


*******************************************************************************
*** ENTRY LIST
***

Entry                    Address   Size  Type      Object
-----                    -------   ----  ----      ------
.iar.init_table$$Base   0x009444          --   Gb  - Linker created -
.iar.init_table$$Limit  0x009456          --   Gb  - Linker created -
?b0                     0x000000         Data  Gb  vregs.o [4]
?b1                     0x000001         Data  Gb  vregs.o [4]
?b10                    0x00000a         Data  Gb  vregs.o [4]
?b11                    0x00000b         Data  Gb  vregs.o [4]
?b12                    0x00000c         Data  Gb  vregs.o [4]
?b13                    0x00000d         Data  Gb  vregs.o [4]
?b14                    0x00000e         Data  Gb  vregs.o [4]
?b15                    0x00000f         Data  Gb  vregs.o [4]
?b2                     0x000002         Data  Gb  vregs.o [4]
?b3                     0x000003         Data  Gb  vregs.o [4]
?b4                     0x000004         Data  Gb  vregs.o [4]
?b5                     0x000005         Data  Gb  vregs.o [4]
?b6                     0x000006         Data  Gb  vregs.o [4]
?b7                     0x000007         Data  Gb  vregs.o [4]
?b8                     0x000008         Data  Gb  vregs.o [4]
?b9                     0x000009         Data  Gb  vregs.o [4]
?dec32_0x_0x            0x008cf3         Code  Gb  long.o [4]
?dec32_l2_l2            0x008cee         Code  Gb  long.o [4]
?e0                     0x000001         Data  Gb  vregs.o [4]
?e1                     0x000005         Data  Gb  vregs.o [4]
?e2                     0x000009         Data  Gb  vregs.o [4]
?e3                     0x00000d         Data  Gb  vregs.o [4]
?epilogue_l2            0x008678         Code  Gb  vreg_util.o [4]
?epilogue_l2_l3         0x008675         Code  Gb  vreg_util.o [4]
?epilogue_l2_w6         0x00867c         Code  Gb  vreg_util.o [4]
?epilogue_w4            0x008683         Code  Gb  vreg_util.o [4]
?l0                     0x000000         Data  Gb  vregs.o [4]
?l1                     0x000004         Data  Gb  vregs.o [4]
?l2                     0x000008         Data  Gb  vregs.o [4]
?l3                     0x00000c         Data  Gb  vregs.o [4]
?load32_l1_0x           0x0094a3         Code  Gb  long_util.o [4]
?load32_l1_asp          0x009498         Code  Gb  long_util.o [4]
?load32_l1_dbsp         0x009493         Code  Gb  long_util.o [4]
?load32_l1_xsp          0x00949a         Code  Gb  long_util.o [4]
?mov_e0_e2              0x008691         Code  Gb  vreg_util.o [4]
?mov_e2_e0              0x00869e         Code  Gb  vreg_util.o [4]
?mov_e3_e0              0x0086ab         Code  Gb  vreg_util.o [4]
?mov_l0_l2              0x00868e         Code  Gb  vreg_util.o [4]
?mov_l2_l0              0x00869b         Code  Gb  vreg_util.o [4]
?mov_l3_l0              0x0086a8         Code  Gb  vreg_util.o [4]
?mov_w1_w5              0x008694         Code  Gb  vreg_util.o [4]
?mov_w5_w1              0x0086a1         Code  Gb  vreg_util.o [4]
?mov_w6_w0              0x008687         Code  Gb  vreg_util.o [4]
?mov_w7_w1              0x0086ae         Code  Gb  vreg_util.o [4]
?move1616_v_x_y_a       0x009578         Code  Gb  move.o [4]
?mul16_x_x_w0           0x0092aa         Code  Gb  short.o [4]
?pop_l0                 0x008641         Code  Gb  vreg_util.o [4]
?pop_l1                 0x00864c         Code  Gb  vreg_util.o [4]
?pop_l2                 0x008657         Code  Gb  vreg_util.o [4]
?pop_l3                 0x008662         Code  Gb  vreg_util.o [4]
?pop_w4                 0x0085f3         Code  Gb  vreg_util.o [4]
?pop_w5                 0x0085fa         Code  Gb  vreg_util.o [4]
?pop_w6                 0x008601         Code  Gb  vreg_util.o [4]
?push_l0                0x008610         Code  Gb  vreg_util.o [4]
?push_l1                0x008615         Code  Gb  vreg_util.o [4]
?push_l2                0x00861a         Code  Gb  vreg_util.o [4]
?push_l3                0x00861f         Code  Gb  vreg_util.o [4]
?push_w4                0x0085d1         Code  Gb  vreg_util.o [4]
?push_w5                0x0085d6         Code  Gb  vreg_util.o [4]
?push_w6                0x0085db         Code  Gb  vreg_util.o [4]
?sll16_x_x_4            0x0092d0         Code  Gb  short.o [4]
?sll16_x_x_a            0x0092c8         Code  Gb  short.o [4]
?srl16_x_x_4            0x0092d5         Code  Gb  short.o [4]
?udiv32_l0_l0_l1        0x008d07         Code  Gb  long.o [4]
?umod32_l1_l0_l1        0x008d07         Code  Gb  long.o [4]
?w0                     0x000000         Data  Gb  vregs.o [4]
?w1                     0x000002         Data  Gb  vregs.o [4]
?w2                     0x000004         Data  Gb  vregs.o [4]
?w3                     0x000006         Data  Gb  vregs.o [4]
?w4                     0x000008         Data  Gb  vregs.o [4]
?w5                     0x00000a         Data  Gb  vregs.o [4]
?w6                     0x00000c         Data  Gb  vregs.o [4]
?w7                     0x00000e         Data  Gb  vregs.o [4]
ADC1_COMP_IRQHandler    0x00968a    0x1  Code  Gb  stm8l15x_it.o [1]
CLK_DeInit              0x0090df   0x41  Code  Gb  stm8l15x_clk.o [1]
CLK_GetClockFreq        0x008d74   0x72  Code  Gb  stm8l15x_clk.o [1]
CLK_GetSYSCLKSource     0x009654    0x4  Code  Gb  stm8l15x_clk.o [1]
CLK_PeripheralClockConfig
                        0x008c65   0x89  Code  Gb  stm8l15x_clk.o [1]
CLK_SYSCLKDivConfig     0x009658    0x4  Code  Gb  stm8l15x_clk.o [1]
CLK_SYSCLKSourceConfig  0x009650    0x4  Code  Gb  stm8l15x_clk.o [1]
CLK_SYSCLKSourceSwitchCmd
                        0x00956b    0xd  Code  Gb  stm8l15x_clk.o [1]
CSTACK$$Base            0x000f00          --   Gb  - Linker created -
CSTACK$$Limit           0x001000          --   Gb  - Linker created -
CmdSerNumArr            0x009644    0x4  Data  Gb  TestItems.o [1]
DMA1_CHANNEL0_1_IRQHandler
                        0x00967d    0x1  Code  Gb  stm8l15x_it.o [1]
DMA1_CHANNEL2_3_IRQHandler
                        0x00967e    0x1  Code  Gb  stm8l15x_it.o [1]
DataCheckArr            0x009676    0x2  Data  Gb  TestItems.o [1]
Delay_ms                0x009456   0x1f  Code  Gb  Delay.o [1]
EXTI0_IRQHandler        0x0091d6   0x3a  Code  Gb  stm8l15x_it.o [1]
EXTI1_IRQHandler        0x00919b   0x3b  Code  Gb  stm8l15x_it.o [1]
EXTI2_IRQHandler        0x009683    0x1  Code  Gb  stm8l15x_it.o [1]
EXTI3_IRQHandler        0x009684    0x1  Code  Gb  stm8l15x_it.o [1]
EXTI4_IRQHandler        0x009685    0x1  Code  Gb  stm8l15x_it.o [1]
EXTI5_IRQHandler        0x009337   0x2b  Code  Gb  stm8l15x_it.o [1]
EXTI6_IRQHandler        0x009686    0x1  Code  Gb  stm8l15x_it.o [1]
EXTI7_IRQHandler        0x009687    0x1  Code  Gb  stm8l15x_it.o [1]
EXTIB_G_IRQHandler      0x009681    0x1  Code  Gb  stm8l15x_it.o [1]
EXTID_H_IRQHandler      0x009682    0x1  Code  Gb  stm8l15x_it.o [1]
EXTIE_F_PVD_IRQHandler  0x009680    0x1  Code  Gb  stm8l15x_it.o [1]
EXTI_ClearITPendingBit  0x009423   0x21  Code  Gb  stm8l15x_exti.o [1]
EXTI_SetPinSensitivity  0x0084c4  0x10d  Code  Gb  stm8l15x_exti.o [1]
FLASH_IRQHandler        0x00967c    0x1  Code  Gb  stm8l15x_it.o [1]
FlagSturct              0x0001ef    0x2  Data  Gb  key.o [1]
GPIO_Init               0x008b4a   0x8e  Code  Gb  stm8l15x_gpio.o [1]
GPIO_ReadInputDataBit   0x009629    0x7  Code  Gb  stm8l15x_gpio.o [1]
GPIO_ResetBits          0x00965c    0x4  Code  Gb  stm8l15x_gpio.o [1]
GPIO_SetBits            0x009622    0x7  Code  Gb  stm8l15x_gpio.o [1]
GPIO_WriteBit           0x009548   0x12  Code  Gb  stm8l15x_gpio.o [1]
GetRF1278_State         0x00825d    0xe  Code  Gb  Lora.o [1]
I2C1_SPI2_IRQHandler    0x009693    0x1  Code  Gb  stm8l15x_it.o [1]
INTVEC$$Base            0x008000          --   Gb  - Linker created -
INTVEC$$Limit           0x008080          --   Gb  - Linker created -
LCD_AES_IRQHandler      0x009688    0x1  Code  Gb  stm8l15x_it.o [1]
LED_Init                0x009210   0x38  Code  Gb  led.o [1]
LED_RGB_Fli             0x009248   0x32  Code  Gb  led.o [1]
LoRaDataManage          0x00897f   0x9e  Code  Gb  TestItems.o [1]
LoraBw                  0x000010    0x1  Data  Lc  Lora.o [1]
LoraCR                  0x000012    0x1  Data  Lc  Lora.o [1]
LoraCRC                 0x000013    0x1  Data  Lc  Lora.o [1]
LoraDataStruct          0x0001aa   0x38  Data  Gb  TestItems.o [1]
LoraFreq                0x0001f2    0x1  Data  Lc  Lora.o [1]
LoraPower               0x0001f1    0x1  Data  Lc  Lora.o [1]
LoraSF                  0x000011    0x1  Data  Gb  Lora.o [1]
LoraSendData            0x00877f   0xaf  Code  Gb  TestItems.o [1]
Lora_Gpio_Init          0x008a1d   0x99  Code  Gb  LoraSpiGpio.o [1]
RF1278_ClearIrq         0x00824c    0x6  Code  Gb  Lora.o [1]
RF1278_EntryLoRa        0x00814e    0x6  Code  Gb  Lora.o [1]
RF1278_FreqSet          0x008154   0xd8  Code  Gb  Lora.o [1]
RF1278_Init             0x008282  0x142  Code  Gb  Lora.o [1]
RF1278_RecePacket       0x0084be    0x6  Code  Gb  Lora.o [1]
RF1278_SendPacket       0x00841c   0xa2  Code  Gb  Lora.o [1]
RF1278_Sleep            0x00823b   0x11  Code  Gb  Lora.o [1]
RF1278_Standby          0x008252    0xb  Code  Gb  Lora.o [1]
RF1278_State            0x0001f3    0x1  Data  Lc  Lora.o [1]
RF1278_TxRxEN           0x00822c    0xf  Code  Gb  Lora.o [1]
RFM96FreqTbl            0x0088d7   0xa8  Data  Gb  Lora.o [1]
RFM96LoRaBwTbl          0x0095cd    0xa  Data  Gb  Lora.o [1]
RFM96PowerTbl           0x009613    0x8  Data  Gb  Lora.o [1]
RFM96SpreadFactorTbl    0x00961b    0x7  Data  Gb  Lora.o [1]
RF_DIO0                 0x00955a   0x11  Code  Gb  LoraSpiGpio.o [1]
RF_RST_H                0x0095c1    0xc  Code  Gb  LoraSpiGpio.o [1]
RF_RST_L                0x009609    0xa  Code  Gb  LoraSpiGpio.o [1]
RF_RX_EN_H              0x0095b5    0xc  Code  Gb  LoraSpiGpio.o [1]
RF_RX_EN_L              0x0095ff    0xa  Code  Gb  LoraSpiGpio.o [1]
RF_TX_EN_H              0x0095a9    0xc  Code  Gb  LoraSpiGpio.o [1]
RF_TX_EN_L              0x0095f5    0xa  Code  Gb  LoraSpiGpio.o [1]
RS485Test               0x0092da   0x2f  Code  Gb  TestItems.o [1]
RS485_Init              0x00927a   0x30  Code  Gb  RS485.o [1]
RS485_Send              0x009309   0x2e  Code  Gb  RS485.o [1]
RTC_CSSLSE_IRQHandler   0x00967f    0x1  Code  Gb  stm8l15x_it.o [1]
Region$$Table$$Base     0x009444          --   Gb  - Linker created -
Region$$Table$$Limit    0x009456          --   Gb  - Linker created -
Rf1278_ModeSet          0x0083c4   0x58  Code  Gb  Lora.o [1]
SPI1_IRQHandler         0x009690    0x1  Code  Gb  stm8l15x_it.o [1]
SPIRead                 0x0094f9   0x14  Code  Gb  Lora.o [1]
SPIRead8bit             0x00915e   0x3d  Code  Gb  Lora.o [1]
SPIReadString           0x0080d5   0x3e  Code  Gb  Lora.o [1]
SPIWrite                0x008080   0x55  Code  Gb  Lora.o [1]
SPIWrite8bit            0x009120   0x3e  Code  Gb  Lora.o [1]
SPIWriteString          0x008113   0x3b  Code  Gb  Lora.o [1]
SPI_CLK_H               0x009591    0xc  Code  Gb  LoraSpiGpio.o [1]
SPI_CLK_L               0x0095e1    0xa  Code  Gb  LoraSpiGpio.o [1]
SPI_CS_H                0x009585    0xc  Code  Gb  LoraSpiGpio.o [1]
SPI_CS_L                0x0095d7    0xa  Code  Gb  LoraSpiGpio.o [1]
SPI_MISO                0x0094af   0x1b  Code  Gb  LoraSpiGpio.o [1]
SPI_MOSI_H              0x00959d    0xc  Code  Gb  LoraSpiGpio.o [1]
SPI_MOSI_L              0x0095eb    0xa  Code  Gb  LoraSpiGpio.o [1]
SWITCH_CSS_BREAK_DAC_IRQHandler
                        0x009689    0x1  Code  Gb  stm8l15x_it.o [1]
SYSDivFactor            0x009630    0x5  Data  Gb  stm8l15x_clk.o [1]
SourceAddArr            0x00964c    0x4  Data  Gb  TestItems.o [1]
SysClockInit            0x0094ca   0x19  Code  Gb  Clk.o [1]
System_Init             0x00900b   0x49  Code  Gb  TestItems.o [1]
TIM1_CC_IRQHandler      0x00968e    0x1  Code  Gb  stm8l15x_it.o [1]
TIM1_UPD_OVF_TRG_COM_IRQHandler
                        0x00968d    0x1  Code  Gb  stm8l15x_it.o [1]
TIM2_CC_USART2_RX_IRQHandler
                        0x008fbf   0x4c  Code  Gb  stm8l15x_it.o [1]
TIM2_UPD_OVF_TRG_BRK_USART2_TX_IRQHandler
                        0x00968b    0x1  Code  Gb  stm8l15x_it.o [1]
TIM3_CC_USART3_RX_IRQHandler
                        0x008ebe   0x59  Code  Gb  stm8l15x_it.o [1]
TIM3_UPD_OVF_TRG_BRK_USART3_TX_IRQHandler
                        0x00968c    0x1  Code  Gb  stm8l15x_it.o [1]
TIM4_UPD_OVF_TRG_IRQHandler
                        0x00968f    0x1  Code  Gb  stm8l15x_it.o [1]
TRAP_IRQHandler         0x00967b    0x1  Code  Gb  stm8l15x_it.o [1]
TargetAddArr            0x009648    0x4  Data  Gb  TestItems.o [1]
USART1_RX_TIM5_CC_IRQHandler
                        0x009692    0x1  Code  Gb  stm8l15x_it.o [1]
USART1_TX_TIM5_UPD_OVF_TRG_BRK_IRQHandler
                        0x009691    0x1  Code  Gb  stm8l15x_it.o [1]
USART_2                 0x000014   0xcb  Data  Gb  usart.o [1]
USART_3                 0x0000df   0xcb  Data  Gb  usart.o [1]
USART_ClearFlag         0x00963a    0x5  Code  Gb  stm8l15x_usart.o [1]
USART_Cmd               0x0093da   0x27  Code  Gb  stm8l15x_usart.o [1]
USART_DeInit            0x0093b3   0x27  Code  Gb  stm8l15x_usart.o [1]
USART_GetFlagStatus     0x009401   0x22  Code  Gb  stm8l15x_usart.o [1]
USART_GetITStatus       0x00882e   0xa9  Code  Gb  stm8l15x_usart.o [1]
USART_ITConfig          0x008ab6   0x94  Code  Gb  stm8l15x_usart.o [1]
USART_Init              0x0086b5   0xca  Code  Gb  stm8l15x_usart.o [1]
USART_ReceiveData8      0x009664    0x3  Code  Gb  stm8l15x_usart.o [1]
USART_SendData8         0x009667    0x3  Code  Gb  stm8l15x_usart.o [1]
Usart2_Module_Init      0x008f17   0x54  Code  Gb  usart.o [1]
Usart3_Module_Init      0x008f6b   0x54  Code  Gb  usart.o [1]
UsartSend               0x00909b   0x44  Code  Gb  usart.o [1]
ValveClose              0x008bd8   0x8d  Code  Gb  ValvePro.o [1]
ValveCloseTimer         0x0001ec    0x3  Data  Gb  ValvePro.o [1]
ValveDevice             0x0001e2    0x7  Data  Gb  ValvePro.o [1]
ValveOpen               0x008de6   0x6f  Code  Gb  ValvePro.o [1]
ValveOpenTimer          0x0001e9    0x3  Data  Gb  ValvePro.o [1]
ValveStop               0x009362   0x29  Code  Gb  ValvePro.o [1]
ValveTimerFun           0x008e55   0x69  Code  Gb  ValvePro.o [1]
Watchdog_Reload         0x00967a    0x1  Code  Gb  LoraSpiGpio.o [1]
__DebugBreak            0x009694    0x1  Code  Gb  __dbg_break.o [3]
__exit                  0x009521   0x14  Code  Gb  __dbg_xxexit.o [3]
__iar_copy_init2        0x00938b         Code  Gb  init_small.o [4]
__iar_data_init2        0x00950d   0x14  Code  Gb  init.o [4]
__iar_program_start     0x009535         Code  Gb  cstartup.o [4]
__iar_unhandled_exception
                        0x009673         Code  Gb  unhandled_exception.o [4]
__iar_zero_init2        0x009475         Code  Gb  init_small.o [4]
__intvec                0x008000         Data  Gb  interrupt.o [4]
__low_level_init        0x00966d    0x3  Code  Gb  low_level_init.o [4]
_exit                   0x00963f         Code  Gb  cexit.o [4]
_interrupt_1            0x00967b         Code  Gb  stm8l15x_it.o [1]
_interrupt_10           0x0091d6         Code  Gb  stm8l15x_it.o [1]
_interrupt_11           0x00919b         Code  Gb  stm8l15x_it.o [1]
_interrupt_12           0x009683         Code  Gb  stm8l15x_it.o [1]
_interrupt_13           0x009684         Code  Gb  stm8l15x_it.o [1]
_interrupt_14           0x009685         Code  Gb  stm8l15x_it.o [1]
_interrupt_15           0x009337         Code  Gb  stm8l15x_it.o [1]
_interrupt_16           0x009686         Code  Gb  stm8l15x_it.o [1]
_interrupt_17           0x009687         Code  Gb  stm8l15x_it.o [1]
_interrupt_18           0x009688         Code  Gb  stm8l15x_it.o [1]
_interrupt_19           0x009689         Code  Gb  stm8l15x_it.o [1]
_interrupt_20           0x00968a         Code  Gb  stm8l15x_it.o [1]
_interrupt_21           0x00968b         Code  Gb  stm8l15x_it.o [1]
_interrupt_22           0x008fbf         Code  Gb  stm8l15x_it.o [1]
_interrupt_23           0x00968c         Code  Gb  stm8l15x_it.o [1]
_interrupt_24           0x008ebe         Code  Gb  stm8l15x_it.o [1]
_interrupt_25           0x00968d         Code  Gb  stm8l15x_it.o [1]
_interrupt_26           0x00968e         Code  Gb  stm8l15x_it.o [1]
_interrupt_27           0x00968f         Code  Gb  stm8l15x_it.o [1]
_interrupt_28           0x009690         Code  Gb  stm8l15x_it.o [1]
_interrupt_29           0x009691         Code  Gb  stm8l15x_it.o [1]
_interrupt_3            0x00967c         Code  Gb  stm8l15x_it.o [1]
_interrupt_30           0x009692         Code  Gb  stm8l15x_it.o [1]
_interrupt_31           0x009693         Code  Gb  stm8l15x_it.o [1]
_interrupt_4            0x00967d         Code  Gb  stm8l15x_it.o [1]
_interrupt_5            0x00967e         Code  Gb  stm8l15x_it.o [1]
_interrupt_6            0x00967f         Code  Gb  stm8l15x_it.o [1]
_interrupt_7            0x009680         Code  Gb  stm8l15x_it.o [1]
_interrupt_8            0x009681         Code  Gb  stm8l15x_it.o [1]
_interrupt_9            0x009682         Code  Gb  stm8l15x_it.o [1]
delayms                 0x00826b   0x17  Code  Lc  Lora.o [1]
exit                    0x009670    0x3  Code  Gb  exit.o [4]
main                    0x009054   0x47  Code  Gb  main.o [1]
memset                  0x0094e3   0x16  Code  Gb  memset.o [4]


[1] = E:\WORK_DIR\PROJECT\单板测试工装板\software\RHX NYFK TEST\IAR\Debug\Obj
[2] = command line
[3] = dbgstm8smd.a
[4] = dlstm8smn.a

  5 412 bytes of readonly  code memory
    369 bytes of readonly  data memory
    756 bytes of readwrite data memory

Errors: none
Warnings: none
