###############################################################################
#
# IAR ELF Linker V3.10.1.201 for STM8                     28/Mar/2020  11:17:54
# Copyright 2010-2017 IAR Systems AB.
#
#    Output file  =  
#        E:\WORK_DIR\PROJECT\单板测试工装板\software\IS4463
#        TEST\IAR\Debug\Exe\IS4463_TEST.hex
#    Map file     =  
#        E:\WORK_DIR\PROJECT\单板测试工装板\software\IS4463
#        TEST\IAR\Debug\List\IS4463_TEST.map
#    Command line =  
#        -f C:\Users\YANGCA~1\AppData\Local\Temp\EWDAE7.tmp
#        ("E:\WORK_DIR\PROJECT\单板测试工装板\software\IS4463
#        TEST\IAR\Debug\Obj\ADS1115.o"
#        "E:\WORK_DIR\PROJECT\单板测试工装板\software\IS4463
#        TEST\IAR\Debug\Obj\Clk.o"
#        "E:\WORK_DIR\PROJECT\单板测试工装板\software\IS4463
#        TEST\IAR\Debug\Obj\Delay.o"
#        "E:\WORK_DIR\PROJECT\单板测试工装板\software\IS4463
#        TEST\IAR\Debug\Obj\key.o"
#        "E:\WORK_DIR\PROJECT\单板测试工装板\software\IS4463
#        TEST\IAR\Debug\Obj\led.o"
#        "E:\WORK_DIR\PROJECT\单板测试工装板\software\IS4463
#        TEST\IAR\Debug\Obj\main.o"
#        "E:\WORK_DIR\PROJECT\单板测试工装板\software\IS4463
#        TEST\IAR\Debug\Obj\Mcuconfig.o"
#        "E:\WORK_DIR\PROJECT\单板测试工装板\software\IS4463
#        TEST\IAR\Debug\Obj\RS485.o"
#        "E:\WORK_DIR\PROJECT\单板测试工装板\software\IS4463
#        TEST\IAR\Debug\Obj\stm8l15x_clk.o"
#        "E:\WORK_DIR\PROJECT\单板测试工装板\software\IS4463
#        TEST\IAR\Debug\Obj\stm8l15x_exti.o"
#        "E:\WORK_DIR\PROJECT\单板测试工装板\software\IS4463
#        TEST\IAR\Debug\Obj\stm8l15x_gpio.o"
#        "E:\WORK_DIR\PROJECT\单板测试工装板\software\IS4463
#        TEST\IAR\Debug\Obj\stm8l15x_it.o"
#        "E:\WORK_DIR\PROJECT\单板测试工装板\software\IS4463
#        TEST\IAR\Debug\Obj\stm8l15x_tim1.o"
#        "E:\WORK_DIR\PROJECT\单板测试工装板\software\IS4463
#        TEST\IAR\Debug\Obj\stm8l15x_tim2.o"
#        "E:\WORK_DIR\PROJECT\单板测试工装板\software\IS4463
#        TEST\IAR\Debug\Obj\stm8l15x_tim3.o"
#        "E:\WORK_DIR\PROJECT\单板测试工装板\software\IS4463
#        TEST\IAR\Debug\Obj\stm8l15x_tim4.o"
#        "E:\WORK_DIR\PROJECT\单板测试工装板\software\IS4463
#        TEST\IAR\Debug\Obj\stm8l15x_usart.o"
#        "E:\WORK_DIR\PROJECT\单板测试工装板\software\IS4463
#        TEST\IAR\Debug\Obj\SysInitApp.o"
#        "E:\WORK_DIR\PROJECT\单板测试工装板\software\IS4463
#        TEST\IAR\Debug\Obj\TestItems.o"
#        "E:\WORK_DIR\PROJECT\单板测试工装板\software\IS4463
#        TEST\IAR\Debug\Obj\usart.o" --redirect _Printf=_PrintfLarge --redirect
#        _Scanf=_ScanfSmall -o
#        "E:\WORK_DIR\PROJECT\单板测试工装板\software\IS4463
#        TEST\IAR\Debug\Exe\IS4463_TEST.hex" --map
#        "E:\WORK_DIR\PROJECT\单板测试工装板\software\IS4463
#        TEST\IAR\Debug\List\IS4463_TEST.map" --config "D:\SOFTWARE\IAR
#        System\stm8\config\lnkstm8l052r8.icf" --config_def _CSTACK_SIZE=0x100
#        --config_def _HEAP_SIZE=0x100 --entry __iar_program_start --debug_lib)
#
###############################################################################

*******************************************************************************
*** RUNTIME MODEL ATTRIBUTES
***

__Heap_Handler             = Basic
__SystemLibrary            = DLib
__code_model               = small
__core                     = stm8
__data_model               = medium
__dlib_file_descriptor     = 1
__dlib_full_locale_support = 1
__rt_version               = 4


*******************************************************************************
*** PLACEMENT SUMMARY
***

"A0":  place at start of [0x000000-0x0000ff] { rw section .vregs };
"A1":  place at end of [0x000000-0x000fff] { block CSTACK };
"P2":  place in [from 0x000000 to 0x000fff] {
          block HEAP, rw section __DLIB_PERTHREAD, rw section .far.bss,
          rw section .far.data, rw section .far.noinit,
          rw section .far_func.textrw, rw section .huge.bss,
          rw section .huge.data, rw section .huge.noinit,
          rw section .huge_func.textrw, rw section .iar.dynexit,
          rw section .near.bss, rw section .near.data, rw section .near.noinit,
          rw section .near_func.textrw };
"A2":  place at start of [0x008000-0x00ffff] { block INTVEC };
"P3":  place in [from 0x008000 to 0x00ffff] {
          ro section __DLIB_PERTHREAD_init, ro section .far.data_init,
          ro section .far_func.textrw_init, ro section .huge.data_init,
          ro section .huge_func.textrw_init, ro section .iar.init_table,
          ro section .init_array, ro section .near.data_init,
          ro section .near.rodata, ro section .near_func.text,
          ro section .near_func.textrw_init, ro section .tiny.data_init,
          ro section .tiny.rodata_init };
do not initialize {
   rw section .eeprom.noinit, rw section .far.noinit, rw section .huge.noinit,
   rw section .near.noinit, rw section .tiny.noinit, rw section .vregs };

  Section          Kind      Address   Size  Object
  -------          ----      -------   ----  ------
"A0":                                  0x10
  .vregs           uninit   0x000000   0x10  vregs.o [4]
                          - 0x000010   0x10

"P2":                                 0x197
  .near.bss        zero     0x000010   0x83  usart.o [1]
  .near.bss        zero     0x000093   0x83  usart.o [1]
  .near.bss        zero     0x000116   0x83  usart.o [1]
  .near.bss        zero     0x000199    0xc  TestItems.o [1]
  .near.bss        zero     0x0001a5    0x2  SysInitApp.o [1]
                          - 0x0001a7  0x197

"A1":                                 0x100
  CSTACK                    0x000f00  0x100  <Block>
    CSTACK         uninit   0x000f00  0x100  <Block tail>
                          - 0x001000  0x100

"A2":                                  0x80
  INTVEC                    0x008000   0x80  <Block>
    .intvec        const    0x008000   0x80  interrupt.o [4]
                          - 0x008080   0x80

"P3":                                 0xdf8
  .near_func.text  ro code  0x008080  0x10d  stm8l15x_exti.o [1]
  .near_func.text  ro code  0x00818d   0xca  stm8l15x_usart.o [1]
  .near_func.text  ro code  0x008257   0xc5  vreg_util.o [4]
  .near_func.text  ro code  0x00831c   0xa9  stm8l15x_usart.o [1]
  .near_func.text  ro code  0x0083c5   0x96  key.o [1]
  .near_func.text  ro code  0x00845b   0x94  stm8l15x_usart.o [1]
  .near_func.text  ro code  0x0084ef   0x8f  stm8l15x_it.o [1]
  .near_func.text  ro code  0x00857e   0x8e  stm8l15x_gpio.o [1]
  .near_func.text  ro code  0x00860c   0x89  stm8l15x_clk.o [1]
  .near_func.text  ro code  0x008695   0x85  led.o [1]
  .near_func.text  ro code  0x00871a   0x76  stm8l15x_it.o [1]
  .near_func.text  ro code  0x008790   0x72  stm8l15x_clk.o [1]
  .near_func.text  ro code  0x008802   0x6d  long.o [4]
  .near_func.text  ro code  0x00886f   0x59  stm8l15x_it.o [1]
  .near_func.text  ro code  0x0088c8   0x59  stm8l15x_it.o [1]
  .near_func.text  ro code  0x008921   0x54  stm8l15x_exti.o [1]
  .near_func.text  ro code  0x008975   0x54  usart.o [1]
  .near_func.text  ro code  0x0089c9   0x54  usart.o [1]
  .near_func.text  ro code  0x008a1d   0x44  usart.o [1]
  .near_func.text  ro code  0x008a61   0x41  stm8l15x_clk.o [1]
  .near_func.text  ro code  0x008aa2   0x3d  stm8l15x_exti.o [1]
  .near_func.text  ro code  0x008adf   0x3c  stm8l15x_it.o [1]
  .near_func.text  ro code  0x008b1b   0x31  stm8l15x_exti.o [1]
  .near_func.text  ro code  0x008b4c   0x2f  stm8l15x_it.o [1]
  .near_func.text  ro code  0x008b7b   0x2e  RS485.o [1]
  .near_func.text  ro code  0x008ba9   0x2a  Mcuconfig.o [1]
  .near_func.text  ro code  0x008bd3   0x27  stm8l15x_usart.o [1]
  .near_func.text  ro code  0x008bfa   0x27  stm8l15x_usart.o [1]
  .near_func.text  ro code  0x008c21   0x24  stm8l15x_tim3.o [1]
  .near_func.text  ro code  0x008c45   0x22  stm8l15x_usart.o [1]
  .near_func.text  ro code  0x008c67   0x21  stm8l15x_exti.o [1]
  .iar.init_table  const    0x008c88    0x8  - Linker created -
  .near_func.text  ro code  0x008c90   0x1f  Delay.o [1]
  .near_func.text  ro code  0x008caf   0x1f  RS485.o [1]
  .near_func.text  ro code  0x008cce   0x1e  init_small.o [4]
  .near_func.text  ro code  0x008cec   0x1d  main.o [1]
  .near_func.text  ro code  0x008d09   0x1d  SysInitApp.o [1]
  .near_func.text  ro code  0x008d26   0x1c  long_util.o [4]
  .near_func.text  ro code  0x008d42   0x1a  stm8l15x_tim3.o [1]
  .near_func.text  ro code  0x008d5c   0x19  Clk.o [1]
  .near_func.text  ro code  0x008d75   0x16  memset.o [4]
  .near_func.text  ro code  0x008d8b   0x14  init.o [4]
  .near_func.text  ro code  0x008d9f   0x14  __dbg_xxexit.o [3]
  .near_func.text  ro code  0x008db3   0x13  cstartup.o [4]
  .near.rodata     const    0x008dc6   0x11  main.o [1]
  .near.rodata     const    0x008dd7   0x10  main.o [1]
  .near_func.text  ro code  0x008de7    0xd  stm8l15x_clk.o [1]
  .near_func.text  ro code  0x008df4    0xd  stm8l15x_tim3.o [1]
  .near_func.text  ro code  0x008e01    0xd  stm8l15x_tim3.o [1]
  .near_func.text  ro code  0x008e0e    0xd  short.o [4]
  .near_func.text  ro code  0x008e1b    0x7  stm8l15x_gpio.o [1]
  .near_func.text  ro code  0x008e22    0x7  stm8l15x_gpio.o [1]
  .near.rodata     const    0x008e29    0x5  stm8l15x_clk.o [1]
  .near_func.text  ro code  0x008e2e    0x5  stm8l15x_tim3.o [1]
  .near_func.text  ro code  0x008e33    0x5  stm8l15x_usart.o [1]
  .near_func.text  ro code  0x008e38    0x5  cexit.o [4]
  .near_func.text  ro code  0x008e3d    0x4  stm8l15x_clk.o [1]
  .near_func.text  ro code  0x008e41    0x4  stm8l15x_clk.o [1]
  .near_func.text  ro code  0x008e45    0x4  stm8l15x_clk.o [1]
  .near_func.text  ro code  0x008e49    0x4  stm8l15x_gpio.o [1]
  .near_func.text  ro code  0x008e4d    0x3  stm8l15x_usart.o [1]
  .near_func.text  ro code  0x008e50    0x3  stm8l15x_usart.o [1]
  .near_func.text  ro code  0x008e53    0x3  interrupt.o [4]
  .near_func.text  ro code  0x008e56    0x3  low_level_init.o [4]
  .near_func.text  ro code  0x008e59    0x3  exit.o [4]
  .near_func.text  ro code  0x008e5c    0x3  unhandled_exception.o [4]
  .near_func.text  ro code  0x008e5f    0x1  stm8l15x_it.o [1]
  .near_func.text  ro code  0x008e60    0x1  stm8l15x_it.o [1]
  .near_func.text  ro code  0x008e61    0x1  stm8l15x_it.o [1]
  .near_func.text  ro code  0x008e62    0x1  stm8l15x_it.o [1]
  .near_func.text  ro code  0x008e63    0x1  stm8l15x_it.o [1]
  .near_func.text  ro code  0x008e64    0x1  stm8l15x_it.o [1]
  .near_func.text  ro code  0x008e65    0x1  stm8l15x_it.o [1]
  .near_func.text  ro code  0x008e66    0x1  stm8l15x_it.o [1]
  .near_func.text  ro code  0x008e67    0x1  stm8l15x_it.o [1]
  .near_func.text  ro code  0x008e68    0x1  stm8l15x_it.o [1]
  .near_func.text  ro code  0x008e69    0x1  stm8l15x_it.o [1]
  .near_func.text  ro code  0x008e6a    0x1  stm8l15x_it.o [1]
  .near_func.text  ro code  0x008e6b    0x1  stm8l15x_it.o [1]
  .near_func.text  ro code  0x008e6c    0x1  stm8l15x_it.o [1]
  .near_func.text  ro code  0x008e6d    0x1  stm8l15x_it.o [1]
  .near_func.text  ro code  0x008e6e    0x1  stm8l15x_it.o [1]
  .near_func.text  ro code  0x008e6f    0x1  stm8l15x_it.o [1]
  .near_func.text  ro code  0x008e70    0x1  stm8l15x_it.o [1]
  .near_func.text  ro code  0x008e71    0x1  stm8l15x_it.o [1]
  .near_func.text  ro code  0x008e72    0x1  stm8l15x_it.o [1]
  .near_func.text  ro code  0x008e73    0x1  stm8l15x_it.o [1]
  .near_func.text  ro code  0x008e74    0x1  stm8l15x_it.o [1]
  .near_func.text  ro code  0x008e75    0x1  stm8l15x_it.o [1]
  .near_func.text  ro code  0x008e76    0x1  stm8l15x_it.o [1]
  .near_func.text  ro code  0x008e77    0x1  __dbg_break.o [3]
                          - 0x008e78  0xdf8


*******************************************************************************
*** INIT TABLE
***

          Address   Size
          -------   ----
Zero (__iar_zero_init2)
    1 destination range, total size 0x197:
          0x000010  0x197



*******************************************************************************
*** MODULE SUMMARY
***

    Module                 ro code  ro data  rw data
    ------                 -------  -------  -------
E:\WORK_DIR\PROJECT\单板测试工装板\software\IS4463 TEST\IAR\Debug\Obj: [1]
    Clk.o                       25
    Delay.o                     31
    Mcuconfig.o                 42
    RS485.o                     77
    SysInitApp.o                29                 2
    TestItems.o                                   12
    key.o                      150
    led.o                      133
    main.o                      29       33
    stm8l15x_clk.o             341        5
    stm8l15x_exti.o            496
    stm8l15x_gpio.o            160
    stm8l15x_it.o              570
    stm8l15x_tim3.o             93
    stm8l15x_usart.o           642
    usart.o                    236               393
    ------------------------------------------------
    Total:                   3 054       38      407

command line: [2]
    ------------------------------------------------
    Total:

dbgstm8smd.a: [3]
    __dbg_break.o                1
    __dbg_xxexit.o              20
    ------------------------------------------------
    Total:                      21

dlstm8smf.a: [4]
    cexit.o                      5
    cstartup.o                  19
    exit.o                       3
    init.o                      20
    init_small.o                30
    interrupt.o                  3      128
    long.o                     109
    long_util.o                 28
    low_level_init.o             3
    memset.o                    22
    short.o                     13
    unhandled_exception.o        3
    vreg_util.o                197
    vregs.o                                       16
    ------------------------------------------------
    Total:                     455      128       16

    Linker created                        8      256
----------------------------------------------------
    Grand Total:             3 530      174      679


*******************************************************************************
*** ENTRY LIST
***

Entry                    Address   Size  Type      Object
-----                    -------   ----  ----      ------
.iar.init_table$$Base   0x008c88          --   Gb  - Linker created -
.iar.init_table$$Limit  0x008c90          --   Gb  - Linker created -
?b0                     0x000000         Data  Gb  vregs.o [4]
?b1                     0x000001         Data  Gb  vregs.o [4]
?b10                    0x00000a         Data  Gb  vregs.o [4]
?b11                    0x00000b         Data  Gb  vregs.o [4]
?b12                    0x00000c         Data  Gb  vregs.o [4]
?b13                    0x00000d         Data  Gb  vregs.o [4]
?b14                    0x00000e         Data  Gb  vregs.o [4]
?b15                    0x00000f         Data  Gb  vregs.o [4]
?b2                     0x000002         Data  Gb  vregs.o [4]
?b3                     0x000003         Data  Gb  vregs.o [4]
?b4                     0x000004         Data  Gb  vregs.o [4]
?b5                     0x000005         Data  Gb  vregs.o [4]
?b6                     0x000006         Data  Gb  vregs.o [4]
?b7                     0x000007         Data  Gb  vregs.o [4]
?b8                     0x000008         Data  Gb  vregs.o [4]
?b9                     0x000009         Data  Gb  vregs.o [4]
?e0                     0x000001         Data  Gb  vregs.o [4]
?e1                     0x000005         Data  Gb  vregs.o [4]
?e2                     0x000009         Data  Gb  vregs.o [4]
?e3                     0x00000d         Data  Gb  vregs.o [4]
?epilogue_l2            0x0082e6         Code  Gb  vreg_util.o [4]
?epilogue_l2_l3         0x0082e3         Code  Gb  vreg_util.o [4]
?epilogue_w4            0x0082ea         Code  Gb  vreg_util.o [4]
?l0                     0x000000         Data  Gb  vregs.o [4]
?l1                     0x000004         Data  Gb  vregs.o [4]
?l2                     0x000008         Data  Gb  vregs.o [4]
?l3                     0x00000c         Data  Gb  vregs.o [4]
?load32_l1_0x           0x008d36         Code  Gb  long_util.o [4]
?load32_l1_asp          0x008d2b         Code  Gb  long_util.o [4]
?load32_l1_dbsp         0x008d26         Code  Gb  long_util.o [4]
?load32_l1_xsp          0x008d2d         Code  Gb  long_util.o [4]
?mov_e0_e2              0x0082f8         Code  Gb  vreg_util.o [4]
?mov_e2_e0              0x008305         Code  Gb  vreg_util.o [4]
?mov_e3_e0              0x008312         Code  Gb  vreg_util.o [4]
?mov_l0_l2              0x0082f5         Code  Gb  vreg_util.o [4]
?mov_l2_l0              0x008302         Code  Gb  vreg_util.o [4]
?mov_l3_l0              0x00830f         Code  Gb  vreg_util.o [4]
?mov_w1_w5              0x0082fb         Code  Gb  vreg_util.o [4]
?mov_w5_w1              0x008308         Code  Gb  vreg_util.o [4]
?mov_w6_w0              0x0082ee         Code  Gb  vreg_util.o [4]
?mov_w7_w1              0x008315         Code  Gb  vreg_util.o [4]
?pop_l0                 0x0082af         Code  Gb  vreg_util.o [4]
?pop_l1                 0x0082ba         Code  Gb  vreg_util.o [4]
?pop_l2                 0x0082c5         Code  Gb  vreg_util.o [4]
?pop_l3                 0x0082d0         Code  Gb  vreg_util.o [4]
?pop_w4                 0x00826f         Code  Gb  vreg_util.o [4]
?push_l0                0x00827e         Code  Gb  vreg_util.o [4]
?push_l1                0x008283         Code  Gb  vreg_util.o [4]
?push_l2                0x008288         Code  Gb  vreg_util.o [4]
?push_l3                0x00828d         Code  Gb  vreg_util.o [4]
?push_w4                0x008257         Code  Gb  vreg_util.o [4]
?sll16_x_x_a            0x008e0e         Code  Gb  short.o [4]
?srl16_x_x_4            0x008e16         Code  Gb  short.o [4]
?udiv32_l0_l0_l1        0x008802         Code  Gb  long.o [4]
?umod32_l1_l0_l1        0x008802         Code  Gb  long.o [4]
?w0                     0x000000         Data  Gb  vregs.o [4]
?w1                     0x000002         Data  Gb  vregs.o [4]
?w2                     0x000004         Data  Gb  vregs.o [4]
?w3                     0x000006         Data  Gb  vregs.o [4]
?w4                     0x000008         Data  Gb  vregs.o [4]
?w5                     0x00000a         Data  Gb  vregs.o [4]
?w6                     0x00000c         Data  Gb  vregs.o [4]
?w7                     0x00000e         Data  Gb  vregs.o [4]
ADC1_COMP_IRQHandler    0x008e6f    0x1  Code  Gb  stm8l15x_it.o [1]
CLK_DeInit              0x008a61   0x41  Code  Gb  stm8l15x_clk.o [1]
CLK_GetClockFreq        0x008790   0x72  Code  Gb  stm8l15x_clk.o [1]
CLK_GetSYSCLKSource     0x008e41    0x4  Code  Gb  stm8l15x_clk.o [1]
CLK_PeripheralClockConfig
                        0x00860c   0x89  Code  Gb  stm8l15x_clk.o [1]
CLK_SYSCLKDivConfig     0x008e45    0x4  Code  Gb  stm8l15x_clk.o [1]
CLK_SYSCLKSourceConfig  0x008e3d    0x4  Code  Gb  stm8l15x_clk.o [1]
CLK_SYSCLKSourceSwitchCmd
                        0x008de7    0xd  Code  Gb  stm8l15x_clk.o [1]
CSTACK$$Base            0x000f00          --   Gb  - Linker created -
CSTACK$$Limit           0x001000          --   Gb  - Linker created -
DMA1_CHANNEL0_1_IRQHandler
                        0x008e61    0x1  Code  Gb  stm8l15x_it.o [1]
DMA1_CHANNEL2_3_IRQHandler
                        0x008e62    0x1  Code  Gb  stm8l15x_it.o [1]
Delay_ms                0x008c90   0x1f  Code  Gb  Delay.o [1]
EXTI0_IRQHandler        0x008e66    0x1  Code  Gb  stm8l15x_it.o [1]
EXTI1_IRQHandler        0x008b4c   0x2f  Code  Gb  stm8l15x_it.o [1]
EXTI2_IRQHandler        0x008e67    0x1  Code  Gb  stm8l15x_it.o [1]
EXTI3_IRQHandler        0x008e68    0x1  Code  Gb  stm8l15x_it.o [1]
EXTI4_IRQHandler        0x008e69    0x1  Code  Gb  stm8l15x_it.o [1]
EXTI5_IRQHandler        0x008e6a    0x1  Code  Gb  stm8l15x_it.o [1]
EXTI6_IRQHandler        0x008e6b    0x1  Code  Gb  stm8l15x_it.o [1]
EXTI7_IRQHandler        0x008e6c    0x1  Code  Gb  stm8l15x_it.o [1]
EXTIB_G_IRQHandler      0x008e65    0x1  Code  Gb  stm8l15x_it.o [1]
EXTID_H_IRQHandler      0x0084ef   0x8f  Code  Gb  stm8l15x_it.o [1]
EXTIE_F_PVD_IRQHandler  0x008e64    0x1  Code  Gb  stm8l15x_it.o [1]
EXTI_ClearITPendingBit  0x008c67   0x21  Code  Gb  stm8l15x_exti.o [1]
EXTI_SelectPort         0x008b1b   0x31  Code  Gb  stm8l15x_exti.o [1]
EXTI_SetHalfPortSelection
                        0x008aa2   0x3d  Code  Gb  stm8l15x_exti.o [1]
EXTI_SetPinSensitivity  0x008080  0x10d  Code  Gb  stm8l15x_exti.o [1]
EXTI_SetPortSensitivity
                        0x008921   0x54  Code  Gb  stm8l15x_exti.o [1]
FLASH_IRQHandler        0x008e60    0x1  Code  Gb  stm8l15x_it.o [1]
GPIO_Init               0x00857e   0x8e  Code  Gb  stm8l15x_gpio.o [1]
GPIO_ReadInputDataBit   0x008e22    0x7  Code  Gb  stm8l15x_gpio.o [1]
GPIO_ResetBits          0x008e49    0x4  Code  Gb  stm8l15x_gpio.o [1]
GPIO_SetBits            0x008e1b    0x7  Code  Gb  stm8l15x_gpio.o [1]
I2C1_SPI2_IRQHandler    0x008e76    0x1  Code  Gb  stm8l15x_it.o [1]
INTVEC$$Base            0x008000          --   Gb  - Linker created -
INTVEC$$Limit           0x008080          --   Gb  - Linker created -
Key_Init                0x0083c5   0x96  Code  Gb  key.o [1]
LCD_AES_IRQHandler      0x008e6d    0x1  Code  Gb  stm8l15x_it.o [1]
LED_Init                0x0086e5   0x35  Code  Gb  led.o [1]
LED_Off                 0x008695   0x50  Code  Gb  led.o [1]
MsCount                 0x0001a5    0x2  Data  Gb  SysInitApp.o [1]
MyFlagSturct            0x000199    0xc  Data  Gb  TestItems.o [1]
RS485_Init              0x008caf   0x1f  Code  Gb  RS485.o [1]
RS485_Send              0x008b7b   0x2e  Code  Gb  RS485.o [1]
RTC_CSSLSE_IRQHandler   0x008e63    0x1  Code  Gb  stm8l15x_it.o [1]
Region$$Table$$Base     0x008c88          --   Gb  - Linker created -
Region$$Table$$Limit    0x008c90          --   Gb  - Linker created -
SPI1_IRQHandler         0x008e74    0x1  Code  Gb  stm8l15x_it.o [1]
SWITCH_CSS_BREAK_DAC_IRQHandler
                        0x008e6e    0x1  Code  Gb  stm8l15x_it.o [1]
SYSDivFactor            0x008e29    0x5  Data  Gb  stm8l15x_clk.o [1]
SysClockInit            0x008d5c   0x19  Code  Gb  Clk.o [1]
System_Init             0x008d09   0x1d  Code  Gb  SysInitApp.o [1]
TIM1_CC_IRQHandler      0x008e72    0x1  Code  Gb  stm8l15x_it.o [1]
TIM1_UPD_OVF_TRG_COM_IRQHandler
                        0x008e71    0x1  Code  Gb  stm8l15x_it.o [1]
TIM2_CC_USART2_RX_IRQHandler
                        0x00886f   0x59  Code  Gb  stm8l15x_it.o [1]
TIM2_UPD_OVF_TRG_BRK_USART2_TX_IRQHandler
                        0x008e70    0x1  Code  Gb  stm8l15x_it.o [1]
TIM3_ARRPreloadConfig   0x008df4    0xd  Code  Gb  stm8l15x_tim3.o [1]
TIM3_CC_USART3_RX_IRQHandler
                        0x00871a   0x76  Code  Gb  stm8l15x_it.o [1]
TIM3_ClearITPendingBit  0x008e2e    0x5  Code  Gb  stm8l15x_tim3.o [1]
TIM3_Cmd                0x008e01    0xd  Code  Gb  stm8l15x_tim3.o [1]
TIM3_ITConfig           0x008d42   0x1a  Code  Gb  stm8l15x_tim3.o [1]
TIM3_TimeBaseInit       0x008c21   0x24  Code  Gb  stm8l15x_tim3.o [1]
TIM3_UPD_OVF_TRG_BRK_USART3_TX_IRQHandler
                        0x008adf   0x3c  Code  Gb  stm8l15x_it.o [1]
TIM4_UPD_OVF_TRG_IRQHandler
                        0x008e73    0x1  Code  Gb  stm8l15x_it.o [1]
TRAP_IRQHandler         0x008e5f    0x1  Code  Gb  stm8l15x_it.o [1]
Timer3_init             0x008ba9   0x2a  Code  Gb  Mcuconfig.o [1]
USART1_RX_TIM5_CC_IRQHandler
                        0x0088c8   0x59  Code  Gb  stm8l15x_it.o [1]
USART1_TX_TIM5_UPD_OVF_TRG_BRK_IRQHandler
                        0x008e75    0x1  Code  Gb  stm8l15x_it.o [1]
USART_1                 0x000010   0x83  Data  Gb  usart.o [1]
USART_2                 0x000093   0x83  Data  Gb  usart.o [1]
USART_3                 0x000116   0x83  Data  Gb  usart.o [1]
USART_ClearFlag         0x008e33    0x5  Code  Gb  stm8l15x_usart.o [1]
USART_Cmd               0x008bfa   0x27  Code  Gb  stm8l15x_usart.o [1]
USART_DeInit            0x008bd3   0x27  Code  Gb  stm8l15x_usart.o [1]
USART_GetFlagStatus     0x008c45   0x22  Code  Gb  stm8l15x_usart.o [1]
USART_GetITStatus       0x00831c   0xa9  Code  Gb  stm8l15x_usart.o [1]
USART_ITConfig          0x00845b   0x94  Code  Gb  stm8l15x_usart.o [1]
USART_Init              0x00818d   0xca  Code  Gb  stm8l15x_usart.o [1]
USART_ReceiveData8      0x008e4d    0x3  Code  Gb  stm8l15x_usart.o [1]
USART_SendData8         0x008e50    0x3  Code  Gb  stm8l15x_usart.o [1]
Usart2_Module_Init      0x008975   0x54  Code  Gb  usart.o [1]
Usart3_Module_Init      0x0089c9   0x54  Code  Gb  usart.o [1]
UsartSend               0x008a1d   0x44  Code  Gb  usart.o [1]
__DebugBreak            0x008e77    0x1  Code  Gb  __dbg_break.o [3]
__exit                  0x008d9f   0x14  Code  Gb  __dbg_xxexit.o [3]
__iar_data_init2        0x008d8b   0x14  Code  Gb  init.o [4]
__iar_program_start     0x008db3         Code  Gb  cstartup.o [4]
__iar_unhandled_exception
                        0x008e5c         Code  Gb  unhandled_exception.o [4]
__iar_zero_init2        0x008cce         Code  Gb  init_small.o [4]
__intvec                0x008000         Data  Gb  interrupt.o [4]
__low_level_init        0x008e56    0x3  Code  Gb  low_level_init.o [4]
_exit                   0x008e38         Code  Gb  cexit.o [4]
_interrupt_1            0x008e5f         Code  Gb  stm8l15x_it.o [1]
_interrupt_10           0x008e66         Code  Gb  stm8l15x_it.o [1]
_interrupt_11           0x008b4c         Code  Gb  stm8l15x_it.o [1]
_interrupt_12           0x008e67         Code  Gb  stm8l15x_it.o [1]
_interrupt_13           0x008e68         Code  Gb  stm8l15x_it.o [1]
_interrupt_14           0x008e69         Code  Gb  stm8l15x_it.o [1]
_interrupt_15           0x008e6a         Code  Gb  stm8l15x_it.o [1]
_interrupt_16           0x008e6b         Code  Gb  stm8l15x_it.o [1]
_interrupt_17           0x008e6c         Code  Gb  stm8l15x_it.o [1]
_interrupt_18           0x008e6d         Code  Gb  stm8l15x_it.o [1]
_interrupt_19           0x008e6e         Code  Gb  stm8l15x_it.o [1]
_interrupt_20           0x008e6f         Code  Gb  stm8l15x_it.o [1]
_interrupt_21           0x008e70         Code  Gb  stm8l15x_it.o [1]
_interrupt_22           0x00886f         Code  Gb  stm8l15x_it.o [1]
_interrupt_23           0x008adf         Code  Gb  stm8l15x_it.o [1]
_interrupt_24           0x00871a         Code  Gb  stm8l15x_it.o [1]
_interrupt_25           0x008e71         Code  Gb  stm8l15x_it.o [1]
_interrupt_26           0x008e72         Code  Gb  stm8l15x_it.o [1]
_interrupt_27           0x008e73         Code  Gb  stm8l15x_it.o [1]
_interrupt_28           0x008e74         Code  Gb  stm8l15x_it.o [1]
_interrupt_29           0x008e75         Code  Gb  stm8l15x_it.o [1]
_interrupt_3            0x008e60         Code  Gb  stm8l15x_it.o [1]
_interrupt_30           0x0088c8         Code  Gb  stm8l15x_it.o [1]
_interrupt_31           0x008e76         Code  Gb  stm8l15x_it.o [1]
_interrupt_4            0x008e61         Code  Gb  stm8l15x_it.o [1]
_interrupt_5            0x008e62         Code  Gb  stm8l15x_it.o [1]
_interrupt_6            0x008e63         Code  Gb  stm8l15x_it.o [1]
_interrupt_7            0x008e64         Code  Gb  stm8l15x_it.o [1]
_interrupt_8            0x008e65         Code  Gb  stm8l15x_it.o [1]
_interrupt_9            0x0084ef         Code  Gb  stm8l15x_it.o [1]
exit                    0x008e59    0x3  Code  Gb  exit.o [4]
main                    0x008cec   0x1d  Code  Gb  main.o [1]
memset                  0x008d75   0x16  Code  Gb  memset.o [4]


[1] = E:\WORK_DIR\PROJECT\单板测试工装板\software\IS4463 TEST\IAR\Debug\Obj
[2] = command line
[3] = dbgstm8smd.a
[4] = dlstm8smf.a

  3 530 bytes of readonly  code memory
    174 bytes of readonly  data memory
    679 bytes of readwrite data memory

Errors: none
Warnings: none
